Nightly cache start: 2026-07-31T120542Z
REPO_ROOT: /home/runner/work/data_cache/data_cache
DATA_CACHE_DIR: /home/runner/work/data_cache/data_cache/data_cache
Symbols sources: ['sp500_constituents.csv', 'nasdaq100_with_baseline.csv', 'custom_universe_with_sector_baselines.csv', 'russell1000_universe.csv']
FINNHUB key present: True len=40
Rate limit config: MAX_CALLS_PER_MIN=30 SLEEP_ON_MINUTE=75s
YFinance available: True
Macro calendar saved: /home/runner/work/data_cache/data_cache/data_cache/macro_calendar/macro_calendar.csv rows=57 years=[2026, 2027]
Total symbols to cache: 1146
[bucket] calls=30 elapsed=11.9s -> sleep 75s
[bucket] calls=30 elapsed=11.3s -> sleep 75s
[bucket] calls=30 elapsed=10.4s -> sleep 75s
[progress] 50/1146 recs ok=42 err=8 429=0 | earn ok=24 err=26 429=0
[bucket] calls=30 elapsed=12.8s -> sleep 75s
[bucket] calls=30 elapsed=12.4s -> sleep 75s
[bucket] calls=30 elapsed=14.9s -> sleep 75s
[progress] 100/1146 recs ok=77 err=23 429=0 | earn ok=40 err=60 429=0
[bucket] calls=30 elapsed=10.8s -> sleep 75s
[bucket] calls=30 elapsed=11.1s -> sleep 75s
[bucket] calls=30 elapsed=10.7s -> sleep 75s
[progress] 150/1146 recs ok=116 err=34 429=0 | earn ok=57 err=93 429=0
[bucket] calls=30 elapsed=10.9s -> sleep 75s
[bucket] calls=30 elapsed=11.5s -> sleep 75s
[bucket] calls=30 elapsed=10.9s -> sleep 75s
[bucket] calls=30 elapsed=10.2s -> sleep 75s
[progress] 200/1146 recs ok=154 err=46 429=0 | earn ok=75 err=125 429=0
[bucket] calls=30 elapsed=11.0s -> sleep 75s
[bucket] calls=30 elapsed=10.1s -> sleep 75s
[bucket] calls=30 elapsed=10.6s -> sleep 75s
[progress] 250/1146 recs ok=191 err=59 429=0 | earn ok=92 err=158 429=0
[bucket] calls=30 elapsed=10.9s -> sleep 75s
[bucket] calls=30 elapsed=27.4s -> sleep 75s
[bucket] calls=30 elapsed=11.4s -> sleep 75s
[progress] 300/1146 recs ok=228 err=72 429=0 | earn ok=112 err=188 429=0
[bucket] calls=30 elapsed=9.7s -> sleep 75s
[bucket] calls=30 elapsed=10.8s -> sleep 75s
[bucket] calls=30 elapsed=11.1s -> sleep 75s
[bucket] calls=30 elapsed=10.1s -> sleep 75s
[progress] 350/1146 recs ok=264 err=86 429=0 | earn ok=126 err=224 429=0
[bucket] calls=30 elapsed=10.7s -> sleep 75s
[bucket] calls=30 elapsed=13.0s -> sleep 75s
[bucket] calls=30 elapsed=11.2s -> sleep 75s
[progress] 400/1146 recs ok=300 err=100 429=0 | earn ok=140 err=260 429=0
[bucket] calls=30 elapsed=10.3s -> sleep 75s
[bucket] calls=30 elapsed=29.3s -> sleep 75s
[bucket] calls=30 elapsed=10.9s -> sleep 75s
[progress] 450/1146 recs ok=333 err=117 429=0 | earn ok=154 err=296 429=0
[bucket] calls=30 elapsed=10.2s -> sleep 75s
[bucket] calls=30 elapsed=10.2s -> sleep 75s
[bucket] calls=30 elapsed=12.3s -> sleep 75s
[bucket] calls=30 elapsed=13.0s -> sleep 75s
[progress] 500/1146 recs ok=365 err=135 429=0 | earn ok=167 err=333 429=0
[bucket] calls=30 elapsed=12.0s -> sleep 75s
[bucket] calls=30 elapsed=12.5s -> sleep 75s
[bucket] calls=30 elapsed=10.2s -> sleep 75s
[progress] 550/1146 recs ok=403 err=147 429=0 | earn ok=184 err=366 429=0
[bucket] calls=30 elapsed=13.7s -> sleep 75s
[bucket] calls=30 elapsed=11.5s -> sleep 75s
[bucket] calls=30 elapsed=18.3s -> sleep 75s
[progress] 600/1146 recs ok=443 err=157 429=0 | earn ok=203 err=397 429=0
[bucket] calls=30 elapsed=14.2s -> sleep 75s
[bucket] calls=30 elapsed=13.1s -> sleep 75s
[bucket] calls=30 elapsed=16.3s -> sleep 75s
[bucket] calls=30 elapsed=12.0s -> sleep 75s
[progress] 650/1146 recs ok=474 err=176 429=0 | earn ok=220 err=430 429=0
[bucket] calls=30 elapsed=11.6s -> sleep 75s
[bucket] calls=30 elapsed=12.0s -> sleep 75s
[bucket] calls=30 elapsed=12.3s -> sleep 75s
[progress] 700/1146 recs ok=509 err=191 429=0 | earn ok=236 err=464 429=0
[bucket] calls=30 elapsed=13.1s -> sleep 75s
[bucket] calls=30 elapsed=13.1s -> sleep 75s
[bucket] calls=30 elapsed=11.1s -> sleep 75s
[progress] 750/1146 recs ok=544 err=206 429=0 | earn ok=251 err=499 429=0
[bucket] calls=30 elapsed=10.7s -> sleep 75s
[bucket] calls=30 elapsed=10.6s -> sleep 75s
[bucket] calls=30 elapsed=11.9s -> sleep 75s
[bucket] calls=30 elapsed=12.0s -> sleep 75s
[progress] 800/1146 recs ok=583 err=217 429=0 | earn ok=267 err=533 429=0
[bucket] calls=30 elapsed=12.6s -> sleep 75s
[bucket] calls=30 elapsed=12.6s -> sleep 75s
[bucket] calls=30 elapsed=13.0s -> sleep 75s
[progress] 850/1146 recs ok=617 err=233 429=0 | earn ok=282 err=568 429=0
[bucket] calls=30 elapsed=12.3s -> sleep 75s
[bucket] calls=30 elapsed=11.4s -> sleep 75s
[bucket] calls=30 elapsed=94.9s -> sleep 75s
[progress] 900/1146 recs ok=654 err=246 429=0 | earn ok=301 err=599 429=0
[bucket] calls=30 elapsed=23.3s -> sleep 75s
[bucket] calls=30 elapsed=16.9s -> sleep 75s
[bucket] calls=30 elapsed=16.9s -> sleep 75s
[bucket] calls=30 elapsed=13.7s -> sleep 75s
[progress] 950/1146 recs ok=689 err=261 429=0 | earn ok=315 err=635 429=0
[bucket] calls=30 elapsed=13.9s -> sleep 75s
[bucket] calls=30 elapsed=17.8s -> sleep 75s
[bucket] calls=30 elapsed=15.9s -> sleep 75s
[progress] 1000/1146 recs ok=724 err=276 429=0 | earn ok=332 err=668 429=0
[bucket] calls=30 elapsed=16.5s -> sleep 75s
[bucket] calls=30 elapsed=26.7s -> sleep 75s
[bucket] calls=30 elapsed=16.0s -> sleep 75s
[progress] 1050/1146 recs ok=759 err=291 429=0 | earn ok=348 err=702 429=0
[bucket] calls=30 elapsed=13.1s -> sleep 75s
[bucket] calls=30 elapsed=18.4s -> sleep 75s
[bucket] calls=30 elapsed=17.5s -> sleep 75s
[bucket] calls=30 elapsed=12.5s -> sleep 75s
[progress] 1100/1146 recs ok=794 err=306 429=0 | earn ok=360 err=740 429=0
[bucket] calls=30 elapsed=12.9s -> sleep 75s
[bucket] calls=30 elapsed=16.4s -> sleep 75s
[bucket] calls=30 elapsed=12.7s -> sleep 75s
Nightly cache done.
Recs: ok=824 err=322 429=0
Earnings: ok=373 err=773 429=0
Finnhub cached under: /home/runner/work/data_cache/data_cache/data_cache/finnhub_recs/2026-07-31/ and /latest/
Earnings cached under: /home/runner/work/data_cache/data_cache/data_cache/earnings/2026-07-31/ and /latest/
Macro cached under: /home/runner/work/data_cache/data_cache/data_cache/macro_calendar/macro_calendar.csv
Log saved: /home/runner/work/data_cache/data_cache/logs/nightly_cache_2026-07-31T120542Z.log
