Nightly cache start: 2026-08-04T120618Z
REPO_ROOT: /home/runner/work/data_cache/data_cache
DATA_CACHE_DIR: /home/runner/work/data_cache/data_cache/data_cache
Symbols sources: ['sp500_constituents.csv', 'nasdaq100_with_baseline.csv', 'custom_universe_with_sector_baselines.csv', 'russell1000_universe.csv']
FINNHUB key present: True len=40
Rate limit config: MAX_CALLS_PER_MIN=30 SLEEP_ON_MINUTE=75s
YFinance available: True
Macro calendar saved: /home/runner/work/data_cache/data_cache/data_cache/macro_calendar/macro_calendar.csv rows=57 years=[2026, 2027]
Total symbols to cache: 1146
[bucket] calls=30 elapsed=14.5s -> sleep 75s
[bucket] calls=30 elapsed=13.1s -> sleep 75s
[bucket] calls=30 elapsed=11.9s -> sleep 75s
[progress] 50/1146 recs ok=42 err=8 429=0 | earn ok=21 err=29 429=0
[bucket] calls=30 elapsed=14.9s -> sleep 75s
[bucket] calls=30 elapsed=12.3s -> sleep 75s
[bucket] calls=30 elapsed=13.8s -> sleep 75s
[progress] 100/1146 recs ok=77 err=23 429=0 | earn ok=36 err=64 429=0
[bucket] calls=30 elapsed=12.6s -> sleep 75s
[bucket] calls=30 elapsed=14.3s -> sleep 75s
[bucket] calls=30 elapsed=13.1s -> sleep 75s
[progress] 150/1146 recs ok=116 err=34 429=0 | earn ok=52 err=98 429=0
[bucket] calls=30 elapsed=11.2s -> sleep 75s
[bucket] calls=30 elapsed=13.6s -> sleep 75s
[bucket] calls=30 elapsed=12.3s -> sleep 75s
[bucket] calls=30 elapsed=11.6s -> sleep 75s
[progress] 200/1146 recs ok=154 err=46 429=0 | earn ok=65 err=135 429=0
[bucket] calls=30 elapsed=13.4s -> sleep 75s
[bucket] calls=30 elapsed=13.5s -> sleep 75s
[bucket] calls=30 elapsed=11.6s -> sleep 75s
[progress] 250/1146 recs ok=191 err=59 429=0 | earn ok=77 err=173 429=0
[bucket] calls=30 elapsed=13.3s -> sleep 75s
[bucket] calls=30 elapsed=12.6s -> sleep 75s
[bucket] calls=30 elapsed=12.9s -> sleep 75s
[progress] 300/1146 recs ok=228 err=72 429=0 | earn ok=94 err=206 429=0
[bucket] calls=30 elapsed=12.8s -> sleep 75s
[bucket] calls=30 elapsed=13.8s -> sleep 75s
[bucket] calls=30 elapsed=12.1s -> sleep 75s
[bucket] calls=30 elapsed=12.0s -> sleep 75s
[progress] 350/1146 recs ok=264 err=86 429=0 | earn ok=108 err=242 429=0
[bucket] calls=30 elapsed=14.2s -> sleep 75s
[bucket] calls=30 elapsed=14.0s -> sleep 75s
[bucket] calls=30 elapsed=12.2s -> sleep 75s
[progress] 400/1146 recs ok=302 err=98 429=0 | earn ok=120 err=280 429=0
[bucket] calls=30 elapsed=13.6s -> sleep 75s
[bucket] calls=30 elapsed=13.8s -> sleep 75s
[bucket] calls=30 elapsed=13.6s -> sleep 75s
[progress] 450/1146 recs ok=336 err=114 429=0 | earn ok=133 err=317 429=0
[bucket] calls=30 elapsed=13.5s -> sleep 75s
[bucket] calls=30 elapsed=12.0s -> sleep 75s
[bucket] calls=30 elapsed=12.3s -> sleep 75s
[bucket] calls=30 elapsed=12.6s -> sleep 75s
[progress] 500/1146 recs ok=369 err=131 429=0 | earn ok=147 err=353 429=0
[bucket] calls=30 elapsed=10.5s -> sleep 75s
[bucket] calls=30 elapsed=12.0s -> sleep 75s
[bucket] calls=30 elapsed=12.7s -> sleep 75s
[progress] 550/1146 recs ok=407 err=143 429=0 | earn ok=164 err=386 429=0
[bucket] calls=30 elapsed=13.6s -> sleep 75s
[bucket] calls=30 elapsed=19.6s -> sleep 75s
[bucket] calls=30 elapsed=14.9s -> sleep 75s
[progress] 600/1146 recs ok=447 err=153 429=0 | earn ok=182 err=418 429=0
[bucket] calls=30 elapsed=13.8s -> sleep 75s
[bucket] calls=30 elapsed=12.9s -> sleep 75s
[bucket] calls=30 elapsed=12.1s -> sleep 75s
[bucket] calls=30 elapsed=13.1s -> sleep 75s
[progress] 650/1146 recs ok=482 err=168 429=0 | earn ok=195 err=455 429=0
[bucket] calls=30 elapsed=13.6s -> sleep 75s
[bucket] calls=30 elapsed=14.3s -> sleep 75s
[bucket] calls=30 elapsed=12.3s -> sleep 75s
[progress] 700/1146 recs ok=521 err=179 429=0 | earn ok=211 err=489 429=0
[bucket] calls=30 elapsed=12.7s -> sleep 75s
[bucket] calls=30 elapsed=12.3s -> sleep 75s
[bucket] calls=30 elapsed=13.1s -> sleep 75s
[progress] 750/1146 recs ok=557 err=193 429=0 | earn ok=225 err=525 429=0
[bucket] calls=30 elapsed=13.4s -> sleep 75s
[bucket] calls=30 elapsed=13.2s -> sleep 75s
[bucket] calls=30 elapsed=12.3s -> sleep 75s
[bucket] calls=30 elapsed=10.2s -> sleep 75s
[progress] 800/1146 recs ok=596 err=204 429=0 | earn ok=238 err=562 429=0
[bucket] calls=30 elapsed=14.0s -> sleep 75s
[bucket] calls=30 elapsed=14.8s -> sleep 75s
[bucket] calls=30 elapsed=12.3s -> sleep 75s
[progress] 850/1146 recs ok=630 err=220 429=0 | earn ok=250 err=600 429=0
[bucket] calls=30 elapsed=11.7s -> sleep 75s
[bucket] calls=30 elapsed=20.7s -> sleep 75s
[bucket] calls=30 elapsed=14.7s -> sleep 75s
[progress] 900/1146 recs ok=667 err=233 429=0 | earn ok=266 err=634 429=0
[bucket] calls=30 elapsed=13.4s -> sleep 75s
[bucket] calls=30 elapsed=13.8s -> sleep 75s
[bucket] calls=30 elapsed=14.4s -> sleep 75s
[bucket] calls=30 elapsed=12.8s -> sleep 75s
[progress] 950/1146 recs ok=702 err=248 429=0 | earn ok=279 err=671 429=0
[bucket] calls=30 elapsed=11.7s -> sleep 75s
[bucket] calls=30 elapsed=13.6s -> sleep 75s
[bucket] calls=30 elapsed=14.8s -> sleep 75s
[progress] 1000/1146 recs ok=737 err=263 429=0 | earn ok=295 err=705 429=0
[bucket] calls=30 elapsed=13.9s -> sleep 75s
[bucket] calls=30 elapsed=13.2s -> sleep 75s
[bucket] calls=30 elapsed=13.7s -> sleep 75s
[progress] 1050/1146 recs ok=772 err=278 429=0 | earn ok=310 err=740 429=0
[bucket] calls=30 elapsed=12.2s -> sleep 75s
[bucket] calls=30 elapsed=12.1s -> sleep 75s
[bucket] calls=30 elapsed=11.5s -> sleep 75s
[bucket] calls=30 elapsed=14.5s -> sleep 75s
[progress] 1100/1146 recs ok=807 err=293 429=0 | earn ok=319 err=781 429=0
[bucket] calls=30 elapsed=12.4s -> sleep 75s
[bucket] calls=30 elapsed=12.7s -> sleep 75s
[bucket] calls=30 elapsed=12.3s -> sleep 75s
Nightly cache done.
Recs: ok=837 err=309 429=0
Earnings: ok=331 err=815 429=0
Finnhub cached under: /home/runner/work/data_cache/data_cache/data_cache/finnhub_recs/2026-08-04/ and /latest/
Earnings cached under: /home/runner/work/data_cache/data_cache/data_cache/earnings/2026-08-04/ and /latest/
Macro cached under: /home/runner/work/data_cache/data_cache/data_cache/macro_calendar/macro_calendar.csv
Log saved: /home/runner/work/data_cache/data_cache/logs/nightly_cache_2026-08-04T120618Z.log
