Nightly cache start: 2026-10-08T171948Z
REPO_ROOT: /home/runner/work/data_cache/data_cache
DATA_CACHE_DIR: /home/runner/work/data_cache/data_cache/data_cache
Symbols sources: ['sp500_constituents.csv', 'nasdaq100_with_baseline.csv', 'custom_universe_with_sector_baselines.csv', 'russell1000_universe.csv']
FINNHUB key present: True len=40
Rate limit config: MAX_CALLS_PER_MIN=30 SLEEP_ON_MINUTE=75s
YFinance available: True
Macro calendar saved: /home/runner/work/data_cache/data_cache/data_cache/macro_calendar/macro_calendar.csv rows=57 years=[2026, 2027]
Total symbols to cache: 1146
[bucket] calls=30 elapsed=12.4s -> sleep 75s
[bucket] calls=30 elapsed=12.6s -> sleep 75s
[bucket] calls=30 elapsed=11.1s -> sleep 75s
[progress] 50/1146 recs ok=42 err=8 429=0 | earn ok=35 err=15 429=0
[bucket] calls=30 elapsed=9.9s -> sleep 75s
[bucket] calls=30 elapsed=11.6s -> sleep 75s
[bucket] calls=30 elapsed=12.1s -> sleep 75s
[progress] 100/1146 recs ok=77 err=23 429=0 | earn ok=66 err=34 429=0
[bucket] calls=30 elapsed=11.0s -> sleep 75s
[bucket] calls=30 elapsed=12.6s -> sleep 75s
[bucket] calls=30 elapsed=11.8s -> sleep 75s
[progress] 150/1146 recs ok=115 err=35 429=0 | earn ok=103 err=47 429=0
[bucket] calls=30 elapsed=12.1s -> sleep 75s
[bucket] calls=30 elapsed=11.3s -> sleep 75s
[bucket] calls=30 elapsed=11.4s -> sleep 75s
[bucket] calls=30 elapsed=11.0s -> sleep 75s
[progress] 200/1146 recs ok=153 err=47 429=0 | earn ok=137 err=63 429=0
[bucket] calls=30 elapsed=12.4s -> sleep 75s
[bucket] calls=30 elapsed=14.1s -> sleep 75s
[bucket] calls=30 elapsed=12.0s -> sleep 75s
[progress] 250/1146 recs ok=190 err=60 429=0 | earn ok=171 err=79 429=0
[bucket] calls=30 elapsed=11.0s -> sleep 75s
[bucket] calls=30 elapsed=12.2s -> sleep 75s
[bucket] calls=30 elapsed=28.1s -> sleep 75s
[progress] 300/1146 recs ok=227 err=73 429=0 | earn ok=203 err=97 429=0
[bucket] calls=30 elapsed=10.7s -> sleep 75s
[bucket] calls=30 elapsed=12.4s -> sleep 75s
[bucket] calls=30 elapsed=12.3s -> sleep 75s
[bucket] calls=30 elapsed=10.6s -> sleep 75s
[progress] 350/1146 recs ok=263 err=87 429=0 | earn ok=234 err=116 429=0
[bucket] calls=30 elapsed=14.9s -> sleep 75s
[bucket] calls=30 elapsed=10.2s -> sleep 75s
[bucket] calls=30 elapsed=11.6s -> sleep 75s
[progress] 400/1146 recs ok=300 err=100 429=0 | earn ok=269 err=131 429=0
[bucket] calls=30 elapsed=12.9s -> sleep 75s
[bucket] calls=30 elapsed=11.4s -> sleep 75s
[bucket] calls=30 elapsed=26.5s -> sleep 75s
[progress] 450/1146 recs ok=334 err=116 429=0 | earn ok=302 err=148 429=0
[bucket] calls=30 elapsed=11.5s -> sleep 75s
[bucket] calls=30 elapsed=11.0s -> sleep 75s
[bucket] calls=30 elapsed=12.1s -> sleep 75s
[bucket] calls=30 elapsed=12.5s -> sleep 75s
[progress] 500/1146 recs ok=366 err=134 429=0 | earn ok=330 err=170 429=0
[bucket] calls=30 elapsed=13.6s -> sleep 75s
[bucket] calls=30 elapsed=11.9s -> sleep 75s
[bucket] calls=30 elapsed=11.5s -> sleep 75s
[progress] 550/1146 recs ok=404 err=146 429=0 | earn ok=365 err=185 429=0
[bucket] calls=30 elapsed=12.4s -> sleep 75s
[bucket] calls=30 elapsed=12.4s -> sleep 75s
[bucket] calls=30 elapsed=12.6s -> sleep 75s
[progress] 600/1146 recs ok=444 err=156 429=0 | earn ok=402 err=198 429=0
[bucket] calls=30 elapsed=11.6s -> sleep 75s
[bucket] calls=30 elapsed=12.9s -> sleep 75s
[bucket] calls=30 elapsed=12.8s -> sleep 75s
[bucket] calls=30 elapsed=11.6s -> sleep 75s
[progress] 650/1146 recs ok=479 err=171 429=0 | earn ok=433 err=217 429=0
[bucket] calls=30 elapsed=11.7s -> sleep 75s
[bucket] calls=30 elapsed=11.7s -> sleep 75s
[bucket] calls=30 elapsed=11.3s -> sleep 75s
[progress] 700/1146 recs ok=518 err=182 429=0 | earn ok=468 err=232 429=0
[bucket] calls=30 elapsed=12.0s -> sleep 75s
[bucket] calls=30 elapsed=12.5s -> sleep 75s
[bucket] calls=30 elapsed=15.8s -> sleep 75s
[progress] 750/1146 recs ok=554 err=196 429=0 | earn ok=499 err=251 429=0
[bucket] calls=30 elapsed=13.1s -> sleep 75s
[bucket] calls=30 elapsed=12.3s -> sleep 75s
[bucket] calls=30 elapsed=11.1s -> sleep 75s
[bucket] calls=30 elapsed=11.2s -> sleep 75s
[progress] 800/1146 recs ok=593 err=207 429=0 | earn ok=534 err=266 429=0
[bucket] calls=30 elapsed=11.5s -> sleep 75s
[bucket] calls=30 elapsed=11.7s -> sleep 75s
[bucket] calls=30 elapsed=12.5s -> sleep 75s
[progress] 850/1146 recs ok=627 err=223 429=0 | earn ok=564 err=286 429=0
[bucket] calls=30 elapsed=11.6s -> sleep 75s
[bucket] calls=30 elapsed=11.2s -> sleep 75s
[bucket] calls=30 elapsed=11.8s -> sleep 75s
[progress] 900/1146 recs ok=664 err=236 429=0 | earn ok=596 err=304 429=0
[bucket] calls=30 elapsed=12.2s -> sleep 75s
[bucket] calls=30 elapsed=11.9s -> sleep 75s
[bucket] calls=30 elapsed=11.4s -> sleep 75s
[bucket] calls=30 elapsed=13.2s -> sleep 75s
[progress] 950/1146 recs ok=699 err=251 429=0 | earn ok=625 err=325 429=0
[bucket] calls=30 elapsed=11.8s -> sleep 75s
[bucket] calls=30 elapsed=11.5s -> sleep 75s
[bucket] calls=30 elapsed=12.1s -> sleep 75s
[progress] 1000/1146 recs ok=734 err=266 429=0 | earn ok=658 err=342 429=0
[bucket] calls=30 elapsed=11.4s -> sleep 75s
[bucket] calls=30 elapsed=12.3s -> sleep 75s
[bucket] calls=30 elapsed=11.9s -> sleep 75s
[progress] 1050/1146 recs ok=769 err=281 429=0 | earn ok=691 err=359 429=0
[bucket] calls=30 elapsed=38.7s -> sleep 75s
[bucket] calls=30 elapsed=12.8s -> sleep 75s
[bucket] calls=30 elapsed=14.7s -> sleep 75s
[bucket] calls=30 elapsed=13.1s -> sleep 75s
[progress] 1100/1146 recs ok=804 err=296 429=0 | earn ok=724 err=376 429=0
[bucket] calls=30 elapsed=12.5s -> sleep 75s
[bucket] calls=30 elapsed=12.5s -> sleep 75s
[bucket] calls=30 elapsed=12.9s -> sleep 75s
Nightly cache done.
Recs: ok=834 err=312 429=0
Earnings: ok=749 err=397 429=0
Finnhub cached under: /home/runner/work/data_cache/data_cache/data_cache/finnhub_recs/2026-10-08/ and /latest/
Earnings cached under: /home/runner/work/data_cache/data_cache/data_cache/earnings/2026-10-08/ and /latest/
Macro cached under: /home/runner/work/data_cache/data_cache/data_cache/macro_calendar/macro_calendar.csv
Log saved: /home/runner/work/data_cache/data_cache/logs/nightly_cache_2026-10-08T171948Z.log
