Nightly cache start: 2026-09-12T133026Z
REPO_ROOT: /home/runner/work/data_cache/data_cache
DATA_CACHE_DIR: /home/runner/work/data_cache/data_cache/data_cache
Symbols sources: ['sp500_constituents.csv', 'nasdaq100_with_baseline.csv', 'custom_universe_with_sector_baselines.csv', 'russell1000_universe.csv']
FINNHUB key present: True len=40
Rate limit config: MAX_CALLS_PER_MIN=30 SLEEP_ON_MINUTE=75s
YFinance available: True
Macro calendar saved: /home/runner/work/data_cache/data_cache/data_cache/macro_calendar/macro_calendar.csv rows=57 years=[2026, 2027]
Total symbols to cache: 1146
[bucket] calls=30 elapsed=9.1s -> sleep 75s
[bucket] calls=30 elapsed=8.1s -> sleep 75s
[bucket] calls=30 elapsed=8.3s -> sleep 75s
[progress] 50/1146 recs ok=42 err=8 429=0 | earn ok=30 err=20 429=0
[bucket] calls=30 elapsed=8.1s -> sleep 75s
[bucket] calls=30 elapsed=8.7s -> sleep 75s
[bucket] calls=30 elapsed=8.6s -> sleep 75s
[progress] 100/1146 recs ok=77 err=23 429=0 | earn ok=59 err=41 429=0
[bucket] calls=30 elapsed=8.3s -> sleep 75s
[bucket] calls=30 elapsed=8.5s -> sleep 75s
[bucket] calls=30 elapsed=8.4s -> sleep 75s
[progress] 150/1146 recs ok=115 err=35 429=0 | earn ok=92 err=58 429=0
[bucket] calls=30 elapsed=8.1s -> sleep 75s
[bucket] calls=30 elapsed=8.0s -> sleep 75s
[bucket] calls=30 elapsed=7.9s -> sleep 75s
[bucket] calls=30 elapsed=8.2s -> sleep 75s
[progress] 200/1146 recs ok=153 err=47 429=0 | earn ok=128 err=72 429=0
[bucket] calls=30 elapsed=8.5s -> sleep 75s
[bucket] calls=30 elapsed=8.1s -> sleep 75s
[bucket] calls=30 elapsed=8.3s -> sleep 75s
[progress] 250/1146 recs ok=190 err=60 429=0 | earn ok=158 err=92 429=0
[bucket] calls=30 elapsed=8.7s -> sleep 75s
[bucket] calls=30 elapsed=9.0s -> sleep 75s
[bucket] calls=30 elapsed=8.0s -> sleep 75s
[progress] 300/1146 recs ok=227 err=73 429=0 | earn ok=184 err=116 429=0
[bucket] calls=30 elapsed=8.0s -> sleep 75s
[bucket] calls=30 elapsed=8.5s -> sleep 75s
[bucket] calls=30 elapsed=8.3s -> sleep 75s
[bucket] calls=30 elapsed=8.1s -> sleep 75s
[progress] 350/1146 recs ok=263 err=87 429=0 | earn ok=213 err=137 429=0
[bucket] calls=30 elapsed=8.2s -> sleep 75s
[bucket] calls=30 elapsed=7.9s -> sleep 75s
[bucket] calls=30 elapsed=8.3s -> sleep 75s
[progress] 400/1146 recs ok=300 err=100 429=0 | earn ok=248 err=152 429=0
[bucket] calls=30 elapsed=8.0s -> sleep 75s
[bucket] calls=30 elapsed=8.4s -> sleep 75s
[bucket] calls=30 elapsed=8.6s -> sleep 75s
[progress] 450/1146 recs ok=334 err=116 429=0 | earn ok=280 err=170 429=0
[bucket] calls=30 elapsed=7.9s -> sleep 75s
[bucket] calls=30 elapsed=8.1s -> sleep 75s
[bucket] calls=30 elapsed=8.1s -> sleep 75s
[bucket] calls=30 elapsed=8.6s -> sleep 75s
[progress] 500/1146 recs ok=367 err=133 429=0 | earn ok=303 err=197 429=0
[bucket] calls=30 elapsed=8.3s -> sleep 75s
[bucket] calls=30 elapsed=8.2s -> sleep 75s
[bucket] calls=30 elapsed=8.3s -> sleep 75s
[progress] 550/1146 recs ok=405 err=145 429=0 | earn ok=337 err=213 429=0
[bucket] calls=30 elapsed=8.0s -> sleep 75s
[bucket] calls=30 elapsed=8.0s -> sleep 75s
[bucket] calls=30 elapsed=7.8s -> sleep 75s
[progress] 600/1146 recs ok=445 err=155 429=0 | earn ok=371 err=229 429=0
[bucket] calls=30 elapsed=8.1s -> sleep 75s
[bucket] calls=30 elapsed=8.7s -> sleep 75s
[bucket] calls=30 elapsed=8.8s -> sleep 75s
[bucket] calls=30 elapsed=8.3s -> sleep 75s
[progress] 650/1146 recs ok=480 err=170 429=0 | earn ok=403 err=247 429=0
[bucket] calls=30 elapsed=10.6s -> sleep 75s
[bucket] calls=30 elapsed=8.1s -> sleep 75s
[bucket] calls=30 elapsed=7.9s -> sleep 75s
[progress] 700/1146 recs ok=519 err=181 429=0 | earn ok=437 err=263 429=0
[bucket] calls=30 elapsed=8.6s -> sleep 75s
[bucket] calls=30 elapsed=8.4s -> sleep 75s
[bucket] calls=30 elapsed=8.3s -> sleep 75s
[progress] 750/1146 recs ok=555 err=195 429=0 | earn ok=468 err=282 429=0
[bucket] calls=30 elapsed=8.0s -> sleep 75s
[bucket] calls=30 elapsed=8.1s -> sleep 75s
[bucket] calls=30 elapsed=8.2s -> sleep 75s
[bucket] calls=30 elapsed=8.0s -> sleep 75s
[progress] 800/1146 recs ok=594 err=206 429=0 | earn ok=501 err=299 429=0
[bucket] calls=30 elapsed=8.1s -> sleep 75s
[bucket] calls=30 elapsed=7.9s -> sleep 75s
[bucket] calls=30 elapsed=7.7s -> sleep 75s
[progress] 850/1146 recs ok=628 err=222 429=0 | earn ok=530 err=320 429=0
[bucket] calls=30 elapsed=8.2s -> sleep 75s
[bucket] calls=30 elapsed=8.0s -> sleep 75s
[bucket] calls=30 elapsed=10.7s -> sleep 75s
[progress] 900/1146 recs ok=665 err=235 429=0 | earn ok=561 err=339 429=0
[bucket] calls=30 elapsed=8.6s -> sleep 75s
[bucket] calls=30 elapsed=8.3s -> sleep 75s
[bucket] calls=30 elapsed=8.6s -> sleep 75s
[bucket] calls=30 elapsed=8.4s -> sleep 75s
[progress] 950/1146 recs ok=700 err=250 429=0 | earn ok=588 err=362 429=0
[bucket] calls=30 elapsed=7.8s -> sleep 75s
[bucket] calls=30 elapsed=7.9s -> sleep 75s
[bucket] calls=30 elapsed=9.7s -> sleep 75s
[progress] 1000/1146 recs ok=735 err=265 429=0 | earn ok=616 err=384 429=0
[bucket] calls=30 elapsed=9.5s -> sleep 75s
[bucket] calls=30 elapsed=8.9s -> sleep 75s
[bucket] calls=30 elapsed=8.2s -> sleep 75s
[progress] 1050/1146 recs ok=770 err=280 429=0 | earn ok=647 err=403 429=0
[bucket] calls=30 elapsed=9.6s -> sleep 75s
[bucket] calls=30 elapsed=7.9s -> sleep 75s
[bucket] calls=30 elapsed=8.7s -> sleep 75s
[bucket] calls=30 elapsed=8.7s -> sleep 75s
[progress] 1100/1146 recs ok=805 err=295 429=0 | earn ok=679 err=421 429=0
[bucket] calls=30 elapsed=8.2s -> sleep 75s
[bucket] calls=30 elapsed=8.3s -> sleep 75s
[bucket] calls=30 elapsed=8.6s -> sleep 75s
Nightly cache done.
Recs: ok=835 err=311 429=0
Earnings: ok=700 err=446 429=0
Finnhub cached under: /home/runner/work/data_cache/data_cache/data_cache/finnhub_recs/2026-09-12/ and /latest/
Earnings cached under: /home/runner/work/data_cache/data_cache/data_cache/earnings/2026-09-12/ and /latest/
Macro cached under: /home/runner/work/data_cache/data_cache/data_cache/macro_calendar/macro_calendar.csv
Log saved: /home/runner/work/data_cache/data_cache/logs/nightly_cache_2026-09-12T133026Z.log
