Nightly cache start: 2026-09-10T141411Z
REPO_ROOT: /home/runner/work/data_cache/data_cache
DATA_CACHE_DIR: /home/runner/work/data_cache/data_cache/data_cache
Symbols sources: ['sp500_constituents.csv', 'nasdaq100_with_baseline.csv', 'custom_universe_with_sector_baselines.csv', 'russell1000_universe.csv']
FINNHUB key present: True len=40
Rate limit config: MAX_CALLS_PER_MIN=30 SLEEP_ON_MINUTE=75s
YFinance available: True
Macro calendar saved: /home/runner/work/data_cache/data_cache/data_cache/macro_calendar/macro_calendar.csv rows=57 years=[2026, 2027]
Total symbols to cache: 1146
[bucket] calls=30 elapsed=10.6s -> sleep 75s
[bucket] calls=30 elapsed=9.4s -> sleep 75s
[bucket] calls=30 elapsed=11.2s -> sleep 75s
[progress] 50/1146 recs ok=42 err=8 429=0 | earn ok=31 err=19 429=0
[bucket] calls=30 elapsed=8.9s -> sleep 75s
[bucket] calls=30 elapsed=10.3s -> sleep 75s
[bucket] calls=30 elapsed=9.4s -> sleep 75s
[progress] 100/1146 recs ok=77 err=23 429=0 | earn ok=60 err=40 429=0
[bucket] calls=30 elapsed=8.1s -> sleep 75s
[bucket] calls=30 elapsed=8.6s -> sleep 75s
[bucket] calls=30 elapsed=8.8s -> sleep 75s
[progress] 150/1146 recs ok=115 err=35 429=0 | earn ok=93 err=57 429=0
[bucket] calls=30 elapsed=9.0s -> sleep 75s
[bucket] calls=30 elapsed=8.7s -> sleep 75s
[bucket] calls=30 elapsed=9.1s -> sleep 75s
[bucket] calls=30 elapsed=8.7s -> sleep 75s
[progress] 200/1146 recs ok=153 err=47 429=0 | earn ok=129 err=71 429=0
[bucket] calls=30 elapsed=9.7s -> sleep 75s
[bucket] calls=30 elapsed=9.3s -> sleep 75s
[bucket] calls=30 elapsed=9.5s -> sleep 75s
[progress] 250/1146 recs ok=190 err=60 429=0 | earn ok=160 err=90 429=0
[bucket] calls=30 elapsed=8.9s -> sleep 75s
[bucket] calls=30 elapsed=9.8s -> sleep 75s
[bucket] calls=30 elapsed=9.1s -> sleep 75s
[progress] 300/1146 recs ok=227 err=73 429=0 | earn ok=185 err=115 429=0
[bucket] calls=30 elapsed=9.2s -> sleep 75s
[bucket] calls=30 elapsed=9.0s -> sleep 75s
[bucket] calls=30 elapsed=9.1s -> sleep 75s
[bucket] calls=30 elapsed=9.6s -> sleep 75s
[progress] 350/1146 recs ok=263 err=87 429=0 | earn ok=213 err=137 429=0
[bucket] calls=30 elapsed=9.0s -> sleep 75s
[bucket] calls=30 elapsed=9.5s -> sleep 75s
[bucket] calls=30 elapsed=9.1s -> sleep 75s
[progress] 400/1146 recs ok=300 err=100 429=0 | earn ok=248 err=152 429=0
[bucket] calls=30 elapsed=9.6s -> sleep 75s
[bucket] calls=30 elapsed=10.0s -> sleep 75s
[bucket] calls=30 elapsed=9.0s -> sleep 75s
[progress] 450/1146 recs ok=334 err=116 429=0 | earn ok=279 err=171 429=0
[bucket] calls=30 elapsed=9.3s -> sleep 75s
[bucket] calls=30 elapsed=8.7s -> sleep 75s
[bucket] calls=30 elapsed=9.2s -> sleep 75s
[bucket] calls=30 elapsed=9.0s -> sleep 75s
[progress] 500/1146 recs ok=367 err=133 429=0 | earn ok=302 err=198 429=0
[bucket] calls=30 elapsed=10.7s -> sleep 75s
[bucket] calls=30 elapsed=9.6s -> sleep 75s
[bucket] calls=30 elapsed=8.7s -> sleep 75s
[progress] 550/1146 recs ok=405 err=145 429=0 | earn ok=335 err=215 429=0
[bucket] calls=30 elapsed=12.5s -> sleep 75s
[bucket] calls=30 elapsed=8.7s -> sleep 75s
[bucket] calls=30 elapsed=8.6s -> sleep 75s
[progress] 600/1146 recs ok=444 err=156 429=0 | earn ok=369 err=231 429=0
[bucket] calls=30 elapsed=9.0s -> sleep 75s
[bucket] calls=30 elapsed=8.9s -> sleep 75s
[bucket] calls=30 elapsed=11.0s -> sleep 75s
[bucket] calls=30 elapsed=8.8s -> sleep 75s
[progress] 650/1146 recs ok=479 err=171 429=0 | earn ok=400 err=250 429=0
[bucket] calls=30 elapsed=9.9s -> sleep 75s
[bucket] calls=30 elapsed=9.8s -> sleep 75s
[bucket] calls=30 elapsed=8.7s -> sleep 75s
[progress] 700/1146 recs ok=518 err=182 429=0 | earn ok=434 err=266 429=0
[bucket] calls=30 elapsed=9.4s -> sleep 75s
[bucket] calls=30 elapsed=9.8s -> sleep 75s
[bucket] calls=30 elapsed=8.9s -> sleep 75s
[progress] 750/1146 recs ok=554 err=196 429=0 | earn ok=464 err=286 429=0
[bucket] calls=30 elapsed=9.4s -> sleep 75s
[bucket] calls=30 elapsed=9.8s -> sleep 75s
[bucket] calls=30 elapsed=8.5s -> sleep 75s
[bucket] calls=30 elapsed=9.1s -> sleep 75s
[progress] 800/1146 recs ok=593 err=207 429=0 | earn ok=498 err=302 429=0
[bucket] calls=30 elapsed=8.8s -> sleep 75s
[bucket] calls=30 elapsed=10.9s -> sleep 75s
[bucket] calls=30 elapsed=9.3s -> sleep 75s
[progress] 850/1146 recs ok=627 err=223 429=0 | earn ok=527 err=323 429=0
[bucket] calls=30 elapsed=9.7s -> sleep 75s
[bucket] calls=30 elapsed=9.4s -> sleep 75s
[bucket] calls=30 elapsed=9.4s -> sleep 75s
[progress] 900/1146 recs ok=664 err=236 429=0 | earn ok=557 err=343 429=0
[bucket] calls=30 elapsed=9.9s -> sleep 75s
[bucket] calls=30 elapsed=10.7s -> sleep 75s
[bucket] calls=30 elapsed=9.8s -> sleep 75s
[bucket] calls=30 elapsed=9.7s -> sleep 75s
[progress] 950/1146 recs ok=699 err=251 429=0 | earn ok=584 err=366 429=0
[bucket] calls=30 elapsed=9.0s -> sleep 75s
[bucket] calls=30 elapsed=9.3s -> sleep 75s
[bucket] calls=30 elapsed=9.1s -> sleep 75s
[progress] 1000/1146 recs ok=734 err=266 429=0 | earn ok=611 err=389 429=0
[bucket] calls=30 elapsed=9.2s -> sleep 75s
[bucket] calls=30 elapsed=9.5s -> sleep 75s
[bucket] calls=30 elapsed=9.2s -> sleep 75s
[progress] 1050/1146 recs ok=769 err=281 429=0 | earn ok=642 err=408 429=0
[bucket] calls=30 elapsed=11.0s -> sleep 75s
[bucket] calls=30 elapsed=9.6s -> sleep 75s
[bucket] calls=30 elapsed=9.3s -> sleep 75s
[bucket] calls=30 elapsed=14.3s -> sleep 75s
[progress] 1100/1146 recs ok=804 err=296 429=0 | earn ok=674 err=426 429=0
[bucket] calls=30 elapsed=16.2s -> sleep 75s
[bucket] calls=30 elapsed=15.9s -> sleep 75s
[bucket] calls=30 elapsed=20.6s -> sleep 75s
Nightly cache done.
Recs: ok=834 err=312 429=0
Earnings: ok=695 err=451 429=0
Finnhub cached under: /home/runner/work/data_cache/data_cache/data_cache/finnhub_recs/2026-09-10/ and /latest/
Earnings cached under: /home/runner/work/data_cache/data_cache/data_cache/earnings/2026-09-10/ and /latest/
Macro cached under: /home/runner/work/data_cache/data_cache/data_cache/macro_calendar/macro_calendar.csv
Log saved: /home/runner/work/data_cache/data_cache/logs/nightly_cache_2026-09-10T141411Z.log
