Nightly cache start: 2026-10-07T172219Z
REPO_ROOT: /home/runner/work/data_cache/data_cache
DATA_CACHE_DIR: /home/runner/work/data_cache/data_cache/data_cache
Symbols sources: ['sp500_constituents.csv', 'nasdaq100_with_baseline.csv', 'custom_universe_with_sector_baselines.csv', 'russell1000_universe.csv']
FINNHUB key present: True len=40
Rate limit config: MAX_CALLS_PER_MIN=30 SLEEP_ON_MINUTE=75s
YFinance available: True
Macro calendar saved: /home/runner/work/data_cache/data_cache/data_cache/macro_calendar/macro_calendar.csv rows=57 years=[2026, 2027]
Total symbols to cache: 1146
[bucket] calls=30 elapsed=11.8s -> sleep 75s
[bucket] calls=30 elapsed=10.2s -> sleep 75s
[bucket] calls=30 elapsed=12.6s -> sleep 75s
[progress] 50/1146 recs ok=42 err=8 429=0 | earn ok=35 err=15 429=0
[bucket] calls=30 elapsed=10.1s -> sleep 75s
[bucket] calls=30 elapsed=11.9s -> sleep 75s
[bucket] calls=30 elapsed=11.0s -> sleep 75s
[progress] 100/1146 recs ok=77 err=23 429=0 | earn ok=66 err=34 429=0
[bucket] calls=30 elapsed=12.6s -> sleep 75s
[bucket] calls=30 elapsed=10.6s -> sleep 75s
[bucket] calls=30 elapsed=10.7s -> sleep 75s
[progress] 150/1146 recs ok=115 err=35 429=0 | earn ok=102 err=48 429=0
[bucket] calls=30 elapsed=11.0s -> sleep 75s
[bucket] calls=30 elapsed=11.0s -> sleep 75s
[bucket] calls=30 elapsed=11.2s -> sleep 75s
[bucket] calls=30 elapsed=11.0s -> sleep 75s
[progress] 200/1146 recs ok=153 err=47 429=0 | earn ok=136 err=64 429=0
[bucket] calls=30 elapsed=11.6s -> sleep 75s
[bucket] calls=30 elapsed=10.5s -> sleep 75s
[bucket] calls=30 elapsed=10.5s -> sleep 75s
[progress] 250/1146 recs ok=190 err=60 429=0 | earn ok=168 err=82 429=0
[bucket] calls=30 elapsed=12.1s -> sleep 75s
[bucket] calls=30 elapsed=11.7s -> sleep 75s
[bucket] calls=30 elapsed=11.4s -> sleep 75s
[progress] 300/1146 recs ok=227 err=73 429=0 | earn ok=200 err=100 429=0
[bucket] calls=30 elapsed=11.2s -> sleep 75s
[bucket] calls=30 elapsed=11.6s -> sleep 75s
[bucket] calls=30 elapsed=12.8s -> sleep 75s
[bucket] calls=30 elapsed=10.5s -> sleep 75s
[progress] 350/1146 recs ok=263 err=87 429=0 | earn ok=231 err=119 429=0
[bucket] calls=30 elapsed=10.3s -> sleep 75s
[bucket] calls=30 elapsed=10.9s -> sleep 75s
[bucket] calls=30 elapsed=11.4s -> sleep 75s
[progress] 400/1146 recs ok=300 err=100 429=0 | earn ok=266 err=134 429=0
[bucket] calls=30 elapsed=11.2s -> sleep 75s
[bucket] calls=30 elapsed=11.7s -> sleep 75s
[bucket] calls=30 elapsed=15.3s -> sleep 75s
[progress] 450/1146 recs ok=334 err=116 429=0 | earn ok=298 err=152 429=0
[bucket] calls=30 elapsed=15.2s -> sleep 75s
[bucket] calls=30 elapsed=14.8s -> sleep 75s
[bucket] calls=30 elapsed=14.6s -> sleep 75s
[bucket] calls=30 elapsed=15.8s -> sleep 75s
[progress] 500/1146 recs ok=367 err=133 429=0 | earn ok=326 err=174 429=0
[bucket] calls=30 elapsed=16.7s -> sleep 75s
[bucket] calls=30 elapsed=15.4s -> sleep 75s
[bucket] calls=30 elapsed=14.6s -> sleep 75s
[progress] 550/1146 recs ok=405 err=145 429=0 | earn ok=361 err=189 429=0
[bucket] calls=30 elapsed=15.4s -> sleep 75s
[bucket] calls=30 elapsed=15.9s -> sleep 75s
[bucket] calls=30 elapsed=15.2s -> sleep 75s
[progress] 600/1146 recs ok=445 err=155 429=0 | earn ok=398 err=202 429=0
[bucket] calls=30 elapsed=15.7s -> sleep 75s
[bucket] calls=30 elapsed=15.4s -> sleep 75s
[bucket] calls=30 elapsed=16.3s -> sleep 75s
[bucket] calls=30 elapsed=15.2s -> sleep 75s
[progress] 650/1146 recs ok=480 err=170 429=0 | earn ok=429 err=221 429=0
[bucket] calls=30 elapsed=15.4s -> sleep 75s
[bucket] calls=30 elapsed=15.9s -> sleep 75s
[bucket] calls=30 elapsed=15.6s -> sleep 75s
[progress] 700/1146 recs ok=519 err=181 429=0 | earn ok=464 err=236 429=0
[bucket] calls=30 elapsed=14.8s -> sleep 75s
[bucket] calls=30 elapsed=16.6s -> sleep 75s
[bucket] calls=30 elapsed=15.2s -> sleep 75s
[progress] 750/1146 recs ok=555 err=195 429=0 | earn ok=495 err=255 429=0
[bucket] calls=30 elapsed=15.8s -> sleep 75s
[bucket] calls=30 elapsed=15.8s -> sleep 75s
[bucket] calls=30 elapsed=14.6s -> sleep 75s
[bucket] calls=30 elapsed=15.7s -> sleep 75s
[progress] 800/1146 recs ok=594 err=206 429=0 | earn ok=530 err=270 429=0
[bucket] calls=30 elapsed=18.3s -> sleep 75s
[bucket] calls=30 elapsed=16.7s -> sleep 75s
[bucket] calls=30 elapsed=18.0s -> sleep 75s
[progress] 850/1146 recs ok=627 err=223 429=0 | earn ok=560 err=290 429=0
[bucket] calls=30 elapsed=18.4s -> sleep 75s
[bucket] calls=30 elapsed=16.6s -> sleep 75s
[bucket] calls=30 elapsed=17.1s -> sleep 75s
[progress] 900/1146 recs ok=664 err=236 429=0 | earn ok=592 err=308 429=0
[bucket] calls=30 elapsed=17.4s -> sleep 75s
[bucket] calls=30 elapsed=18.2s -> sleep 75s
[bucket] calls=30 elapsed=16.8s -> sleep 75s
[bucket] calls=30 elapsed=17.5s -> sleep 75s
[progress] 950/1146 recs ok=699 err=251 429=0 | earn ok=621 err=329 429=0
[bucket] calls=30 elapsed=17.0s -> sleep 75s
[bucket] calls=30 elapsed=16.7s -> sleep 75s
[bucket] calls=30 elapsed=16.8s -> sleep 75s
[progress] 1000/1146 recs ok=734 err=266 429=0 | earn ok=653 err=347 429=0
[bucket] calls=30 elapsed=50.1s -> sleep 75s
[bucket] calls=30 elapsed=17.6s -> sleep 75s
[bucket] calls=30 elapsed=17.5s -> sleep 75s
[progress] 1050/1146 recs ok=768 err=282 429=0 | earn ok=686 err=364 429=0
[bucket] calls=30 elapsed=13.6s -> sleep 75s
[bucket] calls=30 elapsed=12.1s -> sleep 75s
[bucket] calls=30 elapsed=12.4s -> sleep 75s
[bucket] calls=30 elapsed=12.7s -> sleep 75s
[progress] 1100/1146 recs ok=803 err=297 429=0 | earn ok=719 err=381 429=0
[bucket] calls=30 elapsed=12.7s -> sleep 75s
[bucket] calls=30 elapsed=12.0s -> sleep 75s
[bucket] calls=30 elapsed=12.7s -> sleep 75s
Nightly cache done.
Recs: ok=833 err=313 429=0
Earnings: ok=744 err=402 429=0
Finnhub cached under: /home/runner/work/data_cache/data_cache/data_cache/finnhub_recs/2026-10-07/ and /latest/
Earnings cached under: /home/runner/work/data_cache/data_cache/data_cache/earnings/2026-10-07/ and /latest/
Macro cached under: /home/runner/work/data_cache/data_cache/data_cache/macro_calendar/macro_calendar.csv
Log saved: /home/runner/work/data_cache/data_cache/logs/nightly_cache_2026-10-07T172219Z.log
