Nightly cache start: 2026-09-01T144151Z
REPO_ROOT: /home/runner/work/data_cache/data_cache
DATA_CACHE_DIR: /home/runner/work/data_cache/data_cache/data_cache
Symbols sources: ['sp500_constituents.csv', 'nasdaq100_with_baseline.csv', 'custom_universe_with_sector_baselines.csv', 'russell1000_universe.csv']
FINNHUB key present: True len=40
Rate limit config: MAX_CALLS_PER_MIN=30 SLEEP_ON_MINUTE=75s
YFinance available: True
Macro calendar saved: /home/runner/work/data_cache/data_cache/data_cache/macro_calendar/macro_calendar.csv rows=57 years=[2026, 2027]
Total symbols to cache: 1146
[bucket] calls=30 elapsed=12.6s -> sleep 75s
[bucket] calls=30 elapsed=12.1s -> sleep 75s
[bucket] calls=30 elapsed=13.6s -> sleep 75s
[progress] 50/1146 recs ok=42 err=8 429=0 | earn ok=17 err=33 429=0
[bucket] calls=30 elapsed=11.7s -> sleep 75s
[bucket] calls=30 elapsed=13.6s -> sleep 75s
[bucket] calls=30 elapsed=13.5s -> sleep 75s
[progress] 100/1146 recs ok=77 err=23 429=0 | earn ok=37 err=63 429=0
[bucket] calls=30 elapsed=13.0s -> sleep 75s
[bucket] calls=30 elapsed=12.9s -> sleep 75s
[bucket] calls=30 elapsed=12.6s -> sleep 75s
[progress] 150/1146 recs ok=115 err=35 429=0 | earn ok=64 err=86 429=0
[bucket] calls=30 elapsed=13.4s -> sleep 75s
[bucket] calls=30 elapsed=12.0s -> sleep 75s
[bucket] calls=30 elapsed=13.5s -> sleep 75s
[bucket] calls=30 elapsed=13.4s -> sleep 75s
[progress] 200/1146 recs ok=153 err=47 429=0 | earn ok=91 err=109 429=0
[bucket] calls=30 elapsed=12.6s -> sleep 75s
[bucket] calls=30 elapsed=14.3s -> sleep 75s
[bucket] calls=30 elapsed=11.6s -> sleep 75s
[progress] 250/1146 recs ok=190 err=60 429=0 | earn ok=113 err=137 429=0
[bucket] calls=30 elapsed=10.4s -> sleep 75s
[bucket] calls=30 elapsed=10.0s -> sleep 75s
[bucket] calls=30 elapsed=12.0s -> sleep 75s
[progress] 300/1146 recs ok=227 err=73 429=0 | earn ok=131 err=169 429=0
[bucket] calls=30 elapsed=11.9s -> sleep 75s
[bucket] calls=30 elapsed=12.7s -> sleep 75s
[bucket] calls=30 elapsed=10.9s -> sleep 75s
[bucket] calls=30 elapsed=12.8s -> sleep 75s
[progress] 350/1146 recs ok=263 err=87 429=0 | earn ok=151 err=199 429=0
[bucket] calls=30 elapsed=9.9s -> sleep 75s
[bucket] calls=30 elapsed=11.2s -> sleep 75s
[bucket] calls=30 elapsed=13.9s -> sleep 75s
[progress] 400/1146 recs ok=301 err=99 429=0 | earn ok=174 err=226 429=0
[bucket] calls=30 elapsed=12.9s -> sleep 75s
[bucket] calls=30 elapsed=11.3s -> sleep 75s
[bucket] calls=30 elapsed=11.4s -> sleep 75s
[progress] 450/1146 recs ok=335 err=115 429=0 | earn ok=200 err=250 429=0
[bucket] calls=30 elapsed=12.6s -> sleep 75s
[bucket] calls=30 elapsed=10.7s -> sleep 75s
[bucket] calls=30 elapsed=11.6s -> sleep 75s
[bucket] calls=30 elapsed=11.8s -> sleep 75s
[progress] 500/1146 recs ok=368 err=132 429=0 | earn ok=213 err=287 429=0
[bucket] calls=30 elapsed=12.5s -> sleep 75s
[bucket] calls=30 elapsed=10.8s -> sleep 75s
[bucket] calls=30 elapsed=13.7s -> sleep 75s
[progress] 550/1146 recs ok=406 err=144 429=0 | earn ok=234 err=316 429=0
[bucket] calls=30 elapsed=11.6s -> sleep 75s
[bucket] calls=30 elapsed=12.7s -> sleep 75s
[bucket] calls=30 elapsed=12.0s -> sleep 75s
[progress] 600/1146 recs ok=446 err=154 429=0 | earn ok=257 err=343 429=0
[bucket] calls=30 elapsed=12.9s -> sleep 75s
[bucket] calls=30 elapsed=12.4s -> sleep 75s
[bucket] calls=30 elapsed=13.5s -> sleep 75s
[bucket] calls=30 elapsed=13.2s -> sleep 75s
[progress] 650/1146 recs ok=481 err=169 429=0 | earn ok=281 err=369 429=0
[bucket] calls=30 elapsed=13.1s -> sleep 75s
[bucket] calls=30 elapsed=14.9s -> sleep 75s
[bucket] calls=30 elapsed=13.1s -> sleep 75s
[progress] 700/1146 recs ok=520 err=180 429=0 | earn ok=303 err=397 429=0
[bucket] calls=30 elapsed=13.8s -> sleep 75s
[bucket] calls=30 elapsed=10.3s -> sleep 75s
[bucket] calls=30 elapsed=11.4s -> sleep 75s
[progress] 750/1146 recs ok=556 err=194 429=0 | earn ok=324 err=426 429=0
[bucket] calls=30 elapsed=10.8s -> sleep 75s
[bucket] calls=30 elapsed=11.3s -> sleep 75s
[bucket] calls=30 elapsed=12.5s -> sleep 75s
[bucket] calls=30 elapsed=9.8s -> sleep 75s
[progress] 800/1146 recs ok=595 err=205 429=0 | earn ok=347 err=453 429=0
[bucket] calls=30 elapsed=10.5s -> sleep 75s
[bucket] calls=30 elapsed=16.5s -> sleep 75s
[bucket] calls=30 elapsed=19.9s -> sleep 75s
[progress] 850/1146 recs ok=628 err=222 429=0 | earn ok=367 err=483 429=0
[bucket] calls=30 elapsed=19.9s -> sleep 75s
[bucket] calls=30 elapsed=19.6s -> sleep 75s
[bucket] calls=30 elapsed=19.6s -> sleep 75s
[progress] 900/1146 recs ok=665 err=235 429=0 | earn ok=389 err=511 429=0
[bucket] calls=30 elapsed=20.5s -> sleep 75s
[bucket] calls=30 elapsed=20.6s -> sleep 75s
[bucket] calls=30 elapsed=20.7s -> sleep 75s
[bucket] calls=30 elapsed=18.5s -> sleep 75s
[progress] 950/1146 recs ok=699 err=251 429=0 | earn ok=406 err=544 429=0
[bucket] calls=30 elapsed=16.7s -> sleep 75s
[bucket] calls=30 elapsed=16.7s -> sleep 75s
[bucket] calls=30 elapsed=18.5s -> sleep 75s
[progress] 1000/1146 recs ok=734 err=266 429=0 | earn ok=424 err=576 429=0
[bucket] calls=30 elapsed=16.2s -> sleep 75s
[bucket] calls=30 elapsed=18.4s -> sleep 75s
[bucket] calls=30 elapsed=15.5s -> sleep 75s
[progress] 1050/1146 recs ok=769 err=281 429=0 | earn ok=445 err=605 429=0
[bucket] calls=30 elapsed=17.3s -> sleep 75s
[bucket] calls=30 elapsed=17.5s -> sleep 75s
[bucket] calls=30 elapsed=16.7s -> sleep 75s
[bucket] calls=30 elapsed=18.3s -> sleep 75s
[progress] 1100/1146 recs ok=804 err=296 429=0 | earn ok=469 err=631 429=0
[bucket] calls=30 elapsed=20.8s -> sleep 75s
[bucket] calls=30 elapsed=20.8s -> sleep 75s
[bucket] calls=30 elapsed=16.4s -> sleep 75s
Nightly cache done.
Recs: ok=834 err=312 429=0
Earnings: ok=483 err=663 429=0
Finnhub cached under: /home/runner/work/data_cache/data_cache/data_cache/finnhub_recs/2026-09-01/ and /latest/
Earnings cached under: /home/runner/work/data_cache/data_cache/data_cache/earnings/2026-09-01/ and /latest/
Macro cached under: /home/runner/work/data_cache/data_cache/data_cache/macro_calendar/macro_calendar.csv
Log saved: /home/runner/work/data_cache/data_cache/logs/nightly_cache_2026-09-01T144151Z.log
