Nightly cache start: 2026-09-03T142007Z
REPO_ROOT: /home/runner/work/data_cache/data_cache
DATA_CACHE_DIR: /home/runner/work/data_cache/data_cache/data_cache
Symbols sources: ['sp500_constituents.csv', 'nasdaq100_with_baseline.csv', 'custom_universe_with_sector_baselines.csv', 'russell1000_universe.csv']
FINNHUB key present: True len=40
Rate limit config: MAX_CALLS_PER_MIN=30 SLEEP_ON_MINUTE=75s
YFinance available: True
Macro calendar saved: /home/runner/work/data_cache/data_cache/data_cache/macro_calendar/macro_calendar.csv rows=57 years=[2026, 2027]
Total symbols to cache: 1146
[bucket] calls=30 elapsed=11.6s -> sleep 75s
[bucket] calls=30 elapsed=11.2s -> sleep 75s
[bucket] calls=30 elapsed=11.1s -> sleep 75s
[progress] 50/1146 recs ok=42 err=8 429=0 | earn ok=23 err=27 429=0
[bucket] calls=30 elapsed=10.5s -> sleep 75s
[bucket] calls=30 elapsed=11.6s -> sleep 75s
[bucket] calls=30 elapsed=11.8s -> sleep 75s
[progress] 100/1146 recs ok=77 err=23 429=0 | earn ok=49 err=51 429=0
[bucket] calls=30 elapsed=11.4s -> sleep 75s
[bucket] calls=30 elapsed=12.0s -> sleep 75s
[bucket] calls=30 elapsed=11.2s -> sleep 75s
[progress] 150/1146 recs ok=115 err=35 429=0 | earn ok=79 err=71 429=0
[bucket] calls=30 elapsed=11.3s -> sleep 75s
[bucket] calls=30 elapsed=10.7s -> sleep 75s
[bucket] calls=30 elapsed=11.6s -> sleep 75s
[bucket] calls=30 elapsed=11.1s -> sleep 75s
[progress] 200/1146 recs ok=153 err=47 429=0 | earn ok=109 err=91 429=0
[bucket] calls=30 elapsed=12.4s -> sleep 75s
[bucket] calls=30 elapsed=11.1s -> sleep 75s
[bucket] calls=30 elapsed=11.9s -> sleep 75s
[progress] 250/1146 recs ok=189 err=61 429=0 | earn ok=134 err=116 429=0
[bucket] calls=30 elapsed=11.3s -> sleep 75s
[bucket] calls=30 elapsed=11.9s -> sleep 75s
[bucket] calls=30 elapsed=12.0s -> sleep 75s
[progress] 300/1146 recs ok=226 err=74 429=0 | earn ok=154 err=146 429=0
[bucket] calls=30 elapsed=11.3s -> sleep 75s
[bucket] calls=30 elapsed=11.3s -> sleep 75s
[bucket] calls=30 elapsed=11.6s -> sleep 75s
[bucket] calls=30 elapsed=12.2s -> sleep 75s
[progress] 350/1146 recs ok=262 err=88 429=0 | earn ok=176 err=174 429=0
[bucket] calls=30 elapsed=11.2s -> sleep 75s
[bucket] calls=30 elapsed=11.5s -> sleep 75s
[bucket] calls=30 elapsed=13.1s -> sleep 75s
[progress] 400/1146 recs ok=300 err=100 429=0 | earn ok=203 err=197 429=0
[bucket] calls=30 elapsed=12.0s -> sleep 75s
[bucket] calls=30 elapsed=14.0s -> sleep 75s
[bucket] calls=30 elapsed=11.7s -> sleep 75s
[progress] 450/1146 recs ok=334 err=116 429=0 | earn ok=228 err=222 429=0
[bucket] calls=30 elapsed=11.8s -> sleep 75s
[bucket] calls=30 elapsed=11.7s -> sleep 75s
[bucket] calls=30 elapsed=12.6s -> sleep 75s
[bucket] calls=30 elapsed=11.2s -> sleep 75s
[progress] 500/1146 recs ok=367 err=133 429=0 | earn ok=243 err=257 429=0
[bucket] calls=30 elapsed=11.5s -> sleep 75s
[bucket] calls=30 elapsed=11.6s -> sleep 75s
[bucket] calls=30 elapsed=11.5s -> sleep 75s
[progress] 550/1146 recs ok=405 err=145 429=0 | earn ok=272 err=278 429=0
[bucket] calls=30 elapsed=11.0s -> sleep 75s
[bucket] calls=30 elapsed=11.3s -> sleep 75s
[bucket] calls=30 elapsed=11.5s -> sleep 75s
[progress] 600/1146 recs ok=445 err=155 429=0 | earn ok=300 err=300 429=0
[bucket] calls=30 elapsed=11.1s -> sleep 75s
[bucket] calls=30 elapsed=11.2s -> sleep 75s
[bucket] calls=30 elapsed=12.3s -> sleep 75s
[bucket] calls=30 elapsed=11.3s -> sleep 75s
[progress] 650/1146 recs ok=480 err=170 429=0 | earn ok=326 err=324 429=0
[bucket] calls=30 elapsed=11.2s -> sleep 75s
[bucket] calls=30 elapsed=11.3s -> sleep 75s
[bucket] calls=30 elapsed=11.9s -> sleep 75s
[progress] 700/1146 recs ok=519 err=181 429=0 | earn ok=352 err=348 429=0
[bucket] calls=30 elapsed=10.3s -> sleep 75s
[bucket] calls=30 elapsed=12.1s -> sleep 75s
[bucket] calls=30 elapsed=11.1s -> sleep 75s
[progress] 750/1146 recs ok=555 err=195 429=0 | earn ok=375 err=375 429=0
[bucket] calls=30 elapsed=13.3s -> sleep 75s
[bucket] calls=30 elapsed=11.3s -> sleep 75s
[bucket] calls=30 elapsed=10.7s -> sleep 75s
[bucket] calls=30 elapsed=10.2s -> sleep 75s
[progress] 800/1146 recs ok=594 err=206 429=0 | earn ok=404 err=396 429=0
[bucket] calls=30 elapsed=11.2s -> sleep 75s
[bucket] calls=30 elapsed=10.9s -> sleep 75s
[bucket] calls=30 elapsed=12.0s -> sleep 75s
[progress] 850/1146 recs ok=628 err=222 429=0 | earn ok=428 err=422 429=0
[bucket] calls=30 elapsed=13.3s -> sleep 75s
[bucket] calls=30 elapsed=10.7s -> sleep 75s
[bucket] calls=30 elapsed=11.2s -> sleep 75s
[progress] 900/1146 recs ok=665 err=235 429=0 | earn ok=453 err=447 429=0
[bucket] calls=30 elapsed=12.5s -> sleep 75s
[bucket] calls=30 elapsed=11.9s -> sleep 75s
[bucket] calls=30 elapsed=10.6s -> sleep 75s
[bucket] calls=30 elapsed=13.2s -> sleep 75s
[progress] 950/1146 recs ok=700 err=250 429=0 | earn ok=476 err=474 429=0
[bucket] calls=30 elapsed=13.4s -> sleep 75s
[bucket] calls=30 elapsed=13.1s -> sleep 75s
[bucket] calls=30 elapsed=15.3s -> sleep 75s
[progress] 1000/1146 recs ok=735 err=265 429=0 | earn ok=495 err=505 429=0
[bucket] calls=30 elapsed=12.8s -> sleep 75s
[bucket] calls=30 elapsed=12.5s -> sleep 75s
[bucket] calls=30 elapsed=14.0s -> sleep 75s
[progress] 1050/1146 recs ok=770 err=280 429=0 | earn ok=518 err=532 429=0
[bucket] calls=30 elapsed=18.9s -> sleep 75s
[bucket] calls=30 elapsed=13.2s -> sleep 75s
[bucket] calls=30 elapsed=11.9s -> sleep 75s
[bucket] calls=30 elapsed=11.8s -> sleep 75s
[progress] 1100/1146 recs ok=804 err=296 429=0 | earn ok=545 err=555 429=0
[bucket] calls=30 elapsed=16.9s -> sleep 75s
[bucket] calls=30 elapsed=17.0s -> sleep 75s
[bucket] calls=30 elapsed=17.8s -> sleep 75s
Nightly cache done.
Recs: ok=834 err=312 429=0
Earnings: ok=561 err=585 429=0
Finnhub cached under: /home/runner/work/data_cache/data_cache/data_cache/finnhub_recs/2026-09-03/ and /latest/
Earnings cached under: /home/runner/work/data_cache/data_cache/data_cache/earnings/2026-09-03/ and /latest/
Macro cached under: /home/runner/work/data_cache/data_cache/data_cache/macro_calendar/macro_calendar.csv
Log saved: /home/runner/work/data_cache/data_cache/logs/nightly_cache_2026-09-03T142007Z.log
