Nightly cache start: 2026-09-02T141622Z
REPO_ROOT: /home/runner/work/data_cache/data_cache
DATA_CACHE_DIR: /home/runner/work/data_cache/data_cache/data_cache
Symbols sources: ['sp500_constituents.csv', 'nasdaq100_with_baseline.csv', 'custom_universe_with_sector_baselines.csv', 'russell1000_universe.csv']
FINNHUB key present: True len=40
Rate limit config: MAX_CALLS_PER_MIN=30 SLEEP_ON_MINUTE=75s
YFinance available: True
Macro calendar saved: /home/runner/work/data_cache/data_cache/data_cache/macro_calendar/macro_calendar.csv rows=57 years=[2026, 2027]
Total symbols to cache: 1146
[bucket] calls=30 elapsed=14.3s -> sleep 75s
[bucket] calls=30 elapsed=15.2s -> sleep 75s
[bucket] calls=30 elapsed=14.8s -> sleep 75s
[progress] 50/1146 recs ok=42 err=8 429=0 | earn ok=17 err=33 429=0
[bucket] calls=30 elapsed=16.5s -> sleep 75s
[bucket] calls=30 elapsed=15.9s -> sleep 75s
[bucket] calls=30 elapsed=14.9s -> sleep 75s
[progress] 100/1146 recs ok=77 err=23 429=0 | earn ok=37 err=63 429=0
[bucket] calls=30 elapsed=12.6s -> sleep 75s
[bucket] calls=30 elapsed=14.1s -> sleep 75s
[bucket] calls=30 elapsed=13.3s -> sleep 75s
[progress] 150/1146 recs ok=115 err=35 429=0 | earn ok=64 err=86 429=0
[bucket] calls=30 elapsed=13.7s -> sleep 75s
[bucket] calls=30 elapsed=13.2s -> sleep 75s
[bucket] calls=30 elapsed=14.2s -> sleep 75s
[bucket] calls=30 elapsed=14.0s -> sleep 75s
[progress] 200/1146 recs ok=153 err=47 429=0 | earn ok=91 err=109 429=0
[bucket] calls=30 elapsed=14.0s -> sleep 75s
[bucket] calls=30 elapsed=16.3s -> sleep 75s
[bucket] calls=30 elapsed=13.6s -> sleep 75s
[progress] 250/1146 recs ok=190 err=60 429=0 | earn ok=113 err=137 429=0
[bucket] calls=30 elapsed=13.1s -> sleep 75s
[bucket] calls=30 elapsed=13.6s -> sleep 75s
[bucket] calls=30 elapsed=14.1s -> sleep 75s
[progress] 300/1146 recs ok=227 err=73 429=0 | earn ok=130 err=170 429=0
[bucket] calls=30 elapsed=12.1s -> sleep 75s
[bucket] calls=30 elapsed=13.8s -> sleep 75s
[bucket] calls=30 elapsed=14.5s -> sleep 75s
[bucket] calls=30 elapsed=14.1s -> sleep 75s
[progress] 350/1146 recs ok=263 err=87 429=0 | earn ok=150 err=200 429=0
[bucket] calls=30 elapsed=14.8s -> sleep 75s
[bucket] calls=30 elapsed=13.5s -> sleep 75s
[bucket] calls=30 elapsed=12.9s -> sleep 75s
[progress] 400/1146 recs ok=301 err=99 429=0 | earn ok=173 err=227 429=0
[bucket] calls=30 elapsed=15.9s -> sleep 75s
[bucket] calls=30 elapsed=14.4s -> sleep 75s
[bucket] calls=30 elapsed=13.4s -> sleep 75s
[progress] 450/1146 recs ok=335 err=115 429=0 | earn ok=199 err=251 429=0
[bucket] calls=30 elapsed=13.8s -> sleep 75s
[bucket] calls=30 elapsed=14.4s -> sleep 75s
[bucket] calls=30 elapsed=13.6s -> sleep 75s
[bucket] calls=30 elapsed=15.0s -> sleep 75s
[progress] 500/1146 recs ok=368 err=132 429=0 | earn ok=212 err=288 429=0
[bucket] calls=30 elapsed=17.1s -> sleep 75s
[bucket] calls=30 elapsed=16.8s -> sleep 75s
[bucket] calls=30 elapsed=16.9s -> sleep 75s
[progress] 550/1146 recs ok=406 err=144 429=0 | earn ok=233 err=317 429=0
[bucket] calls=30 elapsed=20.1s -> sleep 75s
[bucket] calls=30 elapsed=19.4s -> sleep 75s
[bucket] calls=30 elapsed=20.2s -> sleep 75s
[progress] 600/1146 recs ok=446 err=154 429=0 | earn ok=256 err=344 429=0
[bucket] calls=30 elapsed=19.3s -> sleep 75s
[bucket] calls=30 elapsed=18.0s -> sleep 75s
[bucket] calls=30 elapsed=18.9s -> sleep 75s
[bucket] calls=30 elapsed=18.4s -> sleep 75s
[progress] 650/1146 recs ok=481 err=169 429=0 | earn ok=279 err=371 429=0
[bucket] calls=30 elapsed=18.6s -> sleep 75s
[bucket] calls=30 elapsed=16.8s -> sleep 75s
[bucket] calls=30 elapsed=18.1s -> sleep 75s
[progress] 700/1146 recs ok=520 err=180 429=0 | earn ok=299 err=401 429=0
[bucket] calls=30 elapsed=18.5s -> sleep 75s
[bucket] calls=30 elapsed=19.2s -> sleep 75s
[bucket] calls=30 elapsed=18.0s -> sleep 75s
[progress] 750/1146 recs ok=556 err=194 429=0 | earn ok=320 err=430 429=0
[bucket] calls=30 elapsed=18.3s -> sleep 75s
[bucket] calls=30 elapsed=19.1s -> sleep 75s
[bucket] calls=30 elapsed=18.9s -> sleep 75s
[bucket] calls=30 elapsed=19.3s -> sleep 75s
[progress] 800/1146 recs ok=595 err=205 429=0 | earn ok=342 err=458 429=0
[bucket] calls=30 elapsed=18.9s -> sleep 75s
[bucket] calls=30 elapsed=19.6s -> sleep 75s
[bucket] calls=30 elapsed=17.3s -> sleep 75s
[progress] 850/1146 recs ok=629 err=221 429=0 | earn ok=362 err=488 429=0
[bucket] calls=30 elapsed=18.5s -> sleep 75s
[bucket] calls=30 elapsed=20.2s -> sleep 75s
[bucket] calls=30 elapsed=19.3s -> sleep 75s
[progress] 900/1146 recs ok=666 err=234 429=0 | earn ok=384 err=516 429=0
[bucket] calls=30 elapsed=17.9s -> sleep 75s
[bucket] calls=30 elapsed=18.9s -> sleep 75s
[bucket] calls=30 elapsed=19.7s -> sleep 75s
[bucket] calls=30 elapsed=18.5s -> sleep 75s
[progress] 950/1146 recs ok=701 err=249 429=0 | earn ok=401 err=549 429=0
[bucket] calls=30 elapsed=17.8s -> sleep 75s
[bucket] calls=30 elapsed=19.7s -> sleep 75s
[bucket] calls=30 elapsed=19.7s -> sleep 75s
[progress] 1000/1146 recs ok=736 err=264 429=0 | earn ok=419 err=581 429=0
[bucket] calls=30 elapsed=17.7s -> sleep 75s
[bucket] calls=30 elapsed=14.2s -> sleep 75s
[bucket] calls=30 elapsed=19.2s -> sleep 75s
[progress] 1050/1146 recs ok=771 err=279 429=0 | earn ok=440 err=610 429=0
[bucket] calls=30 elapsed=13.3s -> sleep 75s
[bucket] calls=30 elapsed=16.1s -> sleep 75s
[bucket] calls=30 elapsed=12.9s -> sleep 75s
[bucket] calls=30 elapsed=17.3s -> sleep 75s
[progress] 1100/1146 recs ok=806 err=294 429=0 | earn ok=464 err=636 429=0
[bucket] calls=30 elapsed=14.2s -> sleep 75s
[bucket] calls=30 elapsed=13.4s -> sleep 75s
[bucket] calls=30 elapsed=12.7s -> sleep 75s
Nightly cache done.
Recs: ok=836 err=310 429=0
Earnings: ok=478 err=668 429=0
Finnhub cached under: /home/runner/work/data_cache/data_cache/data_cache/finnhub_recs/2026-09-02/ and /latest/
Earnings cached under: /home/runner/work/data_cache/data_cache/data_cache/earnings/2026-09-02/ and /latest/
Macro cached under: /home/runner/work/data_cache/data_cache/data_cache/macro_calendar/macro_calendar.csv
Log saved: /home/runner/work/data_cache/data_cache/logs/nightly_cache_2026-09-02T141622Z.log
