Nightly cache start: 2026-10-01T165825Z
REPO_ROOT: /home/runner/work/data_cache/data_cache
DATA_CACHE_DIR: /home/runner/work/data_cache/data_cache/data_cache
Symbols sources: ['sp500_constituents.csv', 'nasdaq100_with_baseline.csv', 'custom_universe_with_sector_baselines.csv', 'russell1000_universe.csv']
FINNHUB key present: True len=40
Rate limit config: MAX_CALLS_PER_MIN=30 SLEEP_ON_MINUTE=75s
YFinance available: True
Macro calendar saved: /home/runner/work/data_cache/data_cache/data_cache/macro_calendar/macro_calendar.csv rows=57 years=[2026, 2027]
Total symbols to cache: 1146
[bucket] calls=30 elapsed=9.8s -> sleep 75s
[bucket] calls=30 elapsed=9.7s -> sleep 75s
[bucket] calls=30 elapsed=11.1s -> sleep 75s
[progress] 50/1146 recs ok=41 err=9 429=0 | earn ok=36 err=14 429=0
[bucket] calls=30 elapsed=9.9s -> sleep 75s
[bucket] calls=30 elapsed=10.5s -> sleep 75s
[bucket] calls=30 elapsed=10.6s -> sleep 75s
[progress] 100/1146 recs ok=76 err=24 429=0 | earn ok=67 err=33 429=0
[bucket] calls=30 elapsed=9.7s -> sleep 75s
[bucket] calls=30 elapsed=9.0s -> sleep 75s
[bucket] calls=30 elapsed=9.6s -> sleep 75s
[progress] 150/1146 recs ok=114 err=36 429=0 | earn ok=101 err=49 429=0
[bucket] calls=30 elapsed=10.6s -> sleep 75s
[bucket] calls=30 elapsed=9.4s -> sleep 75s
[bucket] calls=30 elapsed=10.0s -> sleep 75s
[bucket] calls=30 elapsed=10.5s -> sleep 75s
[progress] 200/1146 recs ok=152 err=48 429=0 | earn ok=135 err=65 429=0
[bucket] calls=30 elapsed=10.5s -> sleep 75s
[bucket] calls=30 elapsed=9.7s -> sleep 75s
[bucket] calls=30 elapsed=9.7s -> sleep 75s
[progress] 250/1146 recs ok=189 err=61 429=0 | earn ok=166 err=84 429=0
[bucket] calls=30 elapsed=10.0s -> sleep 75s
[bucket] calls=30 elapsed=10.0s -> sleep 75s
[bucket] calls=30 elapsed=10.3s -> sleep 75s
[progress] 300/1146 recs ok=226 err=74 429=0 | earn ok=195 err=105 429=0
[bucket] calls=30 elapsed=9.1s -> sleep 75s
[bucket] calls=30 elapsed=9.5s -> sleep 75s
[bucket] calls=30 elapsed=9.8s -> sleep 75s
[bucket] calls=30 elapsed=9.2s -> sleep 75s
[progress] 350/1146 recs ok=262 err=88 429=0 | earn ok=225 err=125 429=0
[bucket] calls=30 elapsed=10.3s -> sleep 75s
[bucket] calls=30 elapsed=9.2s -> sleep 75s
[bucket] calls=30 elapsed=9.6s -> sleep 75s
[progress] 400/1146 recs ok=298 err=102 429=0 | earn ok=260 err=140 429=0
[bucket] calls=30 elapsed=9.2s -> sleep 75s
[bucket] calls=30 elapsed=9.5s -> sleep 75s
[bucket] calls=30 elapsed=9.5s -> sleep 75s
[progress] 450/1146 recs ok=332 err=118 429=0 | earn ok=292 err=158 429=0
[bucket] calls=30 elapsed=9.6s -> sleep 75s
[bucket] calls=30 elapsed=8.4s -> sleep 75s
[bucket] calls=30 elapsed=10.0s -> sleep 75s
[bucket] calls=30 elapsed=9.2s -> sleep 75s
[progress] 500/1146 recs ok=365 err=135 429=0 | earn ok=318 err=182 429=0
[bucket] calls=30 elapsed=14.5s -> sleep 75s
[bucket] calls=30 elapsed=9.9s -> sleep 75s
[bucket] calls=30 elapsed=9.1s -> sleep 75s
[progress] 550/1146 recs ok=403 err=147 429=0 | earn ok=353 err=197 429=0
[bucket] calls=30 elapsed=9.3s -> sleep 75s
[bucket] calls=30 elapsed=10.0s -> sleep 75s
[bucket] calls=30 elapsed=10.2s -> sleep 75s
[progress] 600/1146 recs ok=443 err=157 429=0 | earn ok=389 err=211 429=0
[bucket] calls=30 elapsed=8.8s -> sleep 75s
[bucket] calls=30 elapsed=12.4s -> sleep 75s
[bucket] calls=30 elapsed=9.3s -> sleep 75s
[bucket] calls=30 elapsed=8.4s -> sleep 75s
[progress] 650/1146 recs ok=478 err=172 429=0 | earn ok=420 err=230 429=0
[bucket] calls=30 elapsed=9.3s -> sleep 75s
[bucket] calls=30 elapsed=11.6s -> sleep 75s
[bucket] calls=30 elapsed=10.2s -> sleep 75s
[progress] 700/1146 recs ok=517 err=183 429=0 | earn ok=457 err=243 429=0
[bucket] calls=30 elapsed=9.8s -> sleep 75s
[bucket] calls=30 elapsed=10.7s -> sleep 75s
[bucket] calls=30 elapsed=9.1s -> sleep 75s
[progress] 750/1146 recs ok=553 err=197 429=0 | earn ok=488 err=262 429=0
[bucket] calls=30 elapsed=9.3s -> sleep 75s
[bucket] calls=30 elapsed=9.5s -> sleep 75s
[bucket] calls=30 elapsed=8.6s -> sleep 75s
[bucket] calls=30 elapsed=10.4s -> sleep 75s
[progress] 800/1146 recs ok=592 err=208 429=0 | earn ok=523 err=277 429=0
[bucket] calls=30 elapsed=11.8s -> sleep 75s
[bucket] calls=30 elapsed=9.1s -> sleep 75s
[bucket] calls=30 elapsed=11.0s -> sleep 75s
[progress] 850/1146 recs ok=626 err=224 429=0 | earn ok=552 err=298 429=0
[bucket] calls=30 elapsed=9.4s -> sleep 75s
[bucket] calls=30 elapsed=10.4s -> sleep 75s
[bucket] calls=30 elapsed=10.1s -> sleep 75s
[progress] 900/1146 recs ok=663 err=237 429=0 | earn ok=584 err=316 429=0
[bucket] calls=30 elapsed=9.5s -> sleep 75s
[bucket] calls=30 elapsed=9.4s -> sleep 75s
[bucket] calls=30 elapsed=8.9s -> sleep 75s
[bucket] calls=30 elapsed=9.7s -> sleep 75s
[progress] 950/1146 recs ok=698 err=252 429=0 | earn ok=614 err=336 429=0
[bucket] calls=30 elapsed=9.4s -> sleep 75s
[bucket] calls=30 elapsed=9.3s -> sleep 75s
[bucket] calls=30 elapsed=12.8s -> sleep 75s
[progress] 1000/1146 recs ok=733 err=267 429=0 | earn ok=645 err=355 429=0
[bucket] calls=30 elapsed=10.2s -> sleep 75s
[bucket] calls=30 elapsed=10.0s -> sleep 75s
[bucket] calls=30 elapsed=10.1s -> sleep 75s
[progress] 1050/1146 recs ok=768 err=282 429=0 | earn ok=677 err=373 429=0
[bucket] calls=30 elapsed=9.8s -> sleep 75s
[bucket] calls=30 elapsed=9.3s -> sleep 75s
[bucket] calls=30 elapsed=9.6s -> sleep 75s
[bucket] calls=30 elapsed=10.2s -> sleep 75s
[progress] 1100/1146 recs ok=803 err=297 429=0 | earn ok=710 err=390 429=0
[bucket] calls=30 elapsed=9.2s -> sleep 75s
[bucket] calls=30 elapsed=9.4s -> sleep 75s
[bucket] calls=30 elapsed=9.7s -> sleep 75s
Nightly cache done.
Recs: ok=833 err=313 429=0
Earnings: ok=735 err=411 429=0
Finnhub cached under: /home/runner/work/data_cache/data_cache/data_cache/finnhub_recs/2026-10-01/ and /latest/
Earnings cached under: /home/runner/work/data_cache/data_cache/data_cache/earnings/2026-10-01/ and /latest/
Macro cached under: /home/runner/work/data_cache/data_cache/data_cache/macro_calendar/macro_calendar.csv
Log saved: /home/runner/work/data_cache/data_cache/logs/nightly_cache_2026-10-01T165825Z.log
