Nightly cache start: 2026-08-21T103645Z
REPO_ROOT: /home/runner/work/data_cache/data_cache
DATA_CACHE_DIR: /home/runner/work/data_cache/data_cache/data_cache
Symbols sources: ['sp500_constituents.csv', 'nasdaq100_with_baseline.csv', 'custom_universe_with_sector_baselines.csv', 'russell1000_universe.csv']
FINNHUB key present: True len=40
Rate limit config: MAX_CALLS_PER_MIN=30 SLEEP_ON_MINUTE=75s
YFinance available: True
Macro calendar saved: /home/runner/work/data_cache/data_cache/data_cache/macro_calendar/macro_calendar.csv rows=57 years=[2026, 2027]
Total symbols to cache: 1146
[bucket] calls=30 elapsed=9.6s -> sleep 75s
[bucket] calls=30 elapsed=9.2s -> sleep 75s
[bucket] calls=30 elapsed=8.7s -> sleep 75s
[progress] 50/1146 recs ok=42 err=8 429=0 | earn ok=8 err=42 429=0
[bucket] calls=30 elapsed=8.2s -> sleep 75s
[bucket] calls=30 elapsed=9.2s -> sleep 75s
[bucket] calls=30 elapsed=8.9s -> sleep 75s
[progress] 100/1146 recs ok=77 err=23 429=0 | earn ok=12 err=88 429=0
[bucket] calls=30 elapsed=8.8s -> sleep 75s
[bucket] calls=30 elapsed=8.4s -> sleep 75s
[bucket] calls=30 elapsed=8.8s -> sleep 75s
[progress] 150/1146 recs ok=116 err=34 429=0 | earn ok=20 err=130 429=0
[bucket] calls=30 elapsed=8.3s -> sleep 75s
[bucket] calls=30 elapsed=8.5s -> sleep 75s
[bucket] calls=30 elapsed=8.7s -> sleep 75s
[bucket] calls=30 elapsed=8.8s -> sleep 75s
[progress] 200/1146 recs ok=154 err=46 429=0 | earn ok=29 err=171 429=0
[bucket] calls=30 elapsed=8.9s -> sleep 75s
[bucket] calls=30 elapsed=8.9s -> sleep 75s
[bucket] calls=30 elapsed=8.3s -> sleep 75s
[progress] 250/1146 recs ok=191 err=59 429=0 | earn ok=37 err=213 429=0
[bucket] calls=30 elapsed=8.6s -> sleep 75s
[bucket] calls=30 elapsed=9.9s -> sleep 75s
[bucket] calls=30 elapsed=9.1s -> sleep 75s
[progress] 300/1146 recs ok=228 err=72 429=0 | earn ok=46 err=254 429=0
[bucket] calls=30 elapsed=9.1s -> sleep 75s
[bucket] calls=30 elapsed=9.1s -> sleep 75s
[bucket] calls=30 elapsed=9.0s -> sleep 75s
[bucket] calls=30 elapsed=9.1s -> sleep 75s
[progress] 350/1146 recs ok=264 err=86 429=0 | earn ok=54 err=296 429=0
[bucket] calls=30 elapsed=8.6s -> sleep 75s
[bucket] calls=30 elapsed=8.8s -> sleep 75s
[bucket] calls=30 elapsed=8.8s -> sleep 75s
[progress] 400/1146 recs ok=302 err=98 429=0 | earn ok=62 err=338 429=0
[bucket] calls=30 elapsed=8.9s -> sleep 75s
[bucket] calls=30 elapsed=9.5s -> sleep 75s
[bucket] calls=30 elapsed=8.6s -> sleep 75s
[progress] 450/1146 recs ok=336 err=114 429=0 | earn ok=72 err=378 429=0
[bucket] calls=30 elapsed=9.6s -> sleep 75s
[bucket] calls=30 elapsed=8.4s -> sleep 75s
[bucket] calls=30 elapsed=9.2s -> sleep 75s
[bucket] calls=30 elapsed=9.1s -> sleep 75s
[progress] 500/1146 recs ok=369 err=131 429=0 | earn ok=79 err=421 429=0
[bucket] calls=30 elapsed=9.1s -> sleep 75s
[bucket] calls=30 elapsed=8.5s -> sleep 75s
[bucket] calls=30 elapsed=8.1s -> sleep 75s
[progress] 550/1146 recs ok=407 err=143 429=0 | earn ok=85 err=465 429=0
[bucket] calls=30 elapsed=8.8s -> sleep 75s
[bucket] calls=30 elapsed=8.9s -> sleep 75s
[bucket] calls=30 elapsed=9.3s -> sleep 75s
[progress] 600/1146 recs ok=447 err=153 429=0 | earn ok=93 err=507 429=0
[bucket] calls=30 elapsed=9.0s -> sleep 75s
[bucket] calls=30 elapsed=8.7s -> sleep 75s
[bucket] calls=30 elapsed=8.8s -> sleep 75s
[bucket] calls=30 elapsed=9.4s -> sleep 75s
[progress] 650/1146 recs ok=482 err=168 429=0 | earn ok=103 err=547 429=0
[bucket] calls=30 elapsed=9.0s -> sleep 75s
[bucket] calls=30 elapsed=8.9s -> sleep 75s
[bucket] calls=30 elapsed=9.0s -> sleep 75s
[progress] 700/1146 recs ok=521 err=179 429=0 | earn ok=114 err=586 429=0
[bucket] calls=30 elapsed=9.3s -> sleep 75s
[bucket] calls=30 elapsed=8.7s -> sleep 75s
[bucket] calls=30 elapsed=9.5s -> sleep 75s
[progress] 750/1146 recs ok=557 err=193 429=0 | earn ok=123 err=627 429=0
[bucket] calls=30 elapsed=8.5s -> sleep 75s
[bucket] calls=30 elapsed=8.9s -> sleep 75s
[bucket] calls=30 elapsed=9.3s -> sleep 75s
[bucket] calls=30 elapsed=9.1s -> sleep 75s
[progress] 800/1146 recs ok=596 err=204 429=0 | earn ok=135 err=665 429=0
[bucket] calls=30 elapsed=9.0s -> sleep 75s
[bucket] calls=30 elapsed=8.1s -> sleep 75s
[bucket] calls=30 elapsed=9.0s -> sleep 75s
[progress] 850/1146 recs ok=630 err=220 429=0 | earn ok=141 err=709 429=0
[bucket] calls=30 elapsed=8.7s -> sleep 75s
[bucket] calls=30 elapsed=8.7s -> sleep 75s
[bucket] calls=30 elapsed=8.5s -> sleep 75s
[progress] 900/1146 recs ok=667 err=233 429=0 | earn ok=149 err=751 429=0
[bucket] calls=30 elapsed=9.3s -> sleep 75s
[bucket] calls=30 elapsed=9.5s -> sleep 75s
[bucket] calls=30 elapsed=9.3s -> sleep 75s
[bucket] calls=30 elapsed=9.5s -> sleep 75s
[progress] 950/1146 recs ok=702 err=248 429=0 | earn ok=159 err=791 429=0
[bucket] calls=30 elapsed=8.2s -> sleep 75s
[bucket] calls=30 elapsed=8.9s -> sleep 75s
[bucket] calls=30 elapsed=9.4s -> sleep 75s
[progress] 1000/1146 recs ok=737 err=263 429=0 | earn ok=165 err=835 429=0
[bucket] calls=30 elapsed=8.9s -> sleep 75s
[bucket] calls=30 elapsed=9.2s -> sleep 75s
[bucket] calls=30 elapsed=8.9s -> sleep 75s
[progress] 1050/1146 recs ok=772 err=278 429=0 | earn ok=175 err=875 429=0
[bucket] calls=30 elapsed=9.9s -> sleep 75s
[bucket] calls=30 elapsed=8.8s -> sleep 75s
[bucket] calls=30 elapsed=9.2s -> sleep 75s
[bucket] calls=30 elapsed=8.8s -> sleep 75s
[progress] 1100/1146 recs ok=807 err=293 429=0 | earn ok=182 err=918 429=0
[bucket] calls=30 elapsed=8.7s -> sleep 75s
[bucket] calls=30 elapsed=8.9s -> sleep 75s
[bucket] calls=30 elapsed=8.9s -> sleep 75s
Nightly cache done.
Recs: ok=837 err=309 429=0
Earnings: ok=187 err=959 429=0
Finnhub cached under: /home/runner/work/data_cache/data_cache/data_cache/finnhub_recs/2026-08-21/ and /latest/
Earnings cached under: /home/runner/work/data_cache/data_cache/data_cache/earnings/2026-08-21/ and /latest/
Macro cached under: /home/runner/work/data_cache/data_cache/data_cache/macro_calendar/macro_calendar.csv
Log saved: /home/runner/work/data_cache/data_cache/logs/nightly_cache_2026-08-21T103645Z.log
