Nightly cache start: 2026-08-29T145928Z
REPO_ROOT: /home/runner/work/data_cache/data_cache
DATA_CACHE_DIR: /home/runner/work/data_cache/data_cache/data_cache
Symbols sources: ['sp500_constituents.csv', 'nasdaq100_with_baseline.csv', 'custom_universe_with_sector_baselines.csv', 'russell1000_universe.csv']
FINNHUB key present: True len=40
Rate limit config: MAX_CALLS_PER_MIN=30 SLEEP_ON_MINUTE=75s
YFinance available: True
Macro calendar saved: /home/runner/work/data_cache/data_cache/data_cache/macro_calendar/macro_calendar.csv rows=57 years=[2026, 2027]
Total symbols to cache: 1146
[bucket] calls=30 elapsed=10.5s -> sleep 75s
[bucket] calls=30 elapsed=13.4s -> sleep 75s
[bucket] calls=30 elapsed=13.1s -> sleep 75s
[progress] 50/1146 recs ok=42 err=8 429=0 | earn ok=15 err=35 429=0
[bucket] calls=30 elapsed=15.1s -> sleep 75s
[bucket] calls=30 elapsed=11.8s -> sleep 75s
[bucket] calls=30 elapsed=10.7s -> sleep 75s
[progress] 100/1146 recs ok=77 err=23 429=0 | earn ok=32 err=68 429=0
[bucket] calls=30 elapsed=12.5s -> sleep 75s
[bucket] calls=30 elapsed=13.5s -> sleep 75s
[bucket] calls=30 elapsed=12.3s -> sleep 75s
[progress] 150/1146 recs ok=115 err=35 429=0 | earn ok=58 err=92 429=0
[bucket] calls=30 elapsed=12.0s -> sleep 75s
[bucket] calls=30 elapsed=12.6s -> sleep 75s
[bucket] calls=30 elapsed=10.5s -> sleep 75s
[bucket] calls=30 elapsed=10.7s -> sleep 75s
[progress] 200/1146 recs ok=153 err=47 429=0 | earn ok=80 err=120 429=0
[bucket] calls=30 elapsed=12.7s -> sleep 75s
[bucket] calls=30 elapsed=13.8s -> sleep 75s
[bucket] calls=30 elapsed=12.4s -> sleep 75s
[progress] 250/1146 recs ok=190 err=60 429=0 | earn ok=101 err=149 429=0
[bucket] calls=30 elapsed=12.9s -> sleep 75s
[bucket] calls=30 elapsed=11.1s -> sleep 75s
[bucket] calls=30 elapsed=12.1s -> sleep 75s
[progress] 300/1146 recs ok=227 err=73 429=0 | earn ok=117 err=183 429=0
[bucket] calls=30 elapsed=11.6s -> sleep 75s
[bucket] calls=30 elapsed=12.3s -> sleep 75s
[bucket] calls=30 elapsed=13.1s -> sleep 75s
[bucket] calls=30 elapsed=13.5s -> sleep 75s
[progress] 350/1146 recs ok=263 err=87 429=0 | earn ok=136 err=214 429=0
[bucket] calls=30 elapsed=11.5s -> sleep 75s
[bucket] calls=30 elapsed=12.4s -> sleep 75s
[bucket] calls=30 elapsed=10.9s -> sleep 75s
[progress] 400/1146 recs ok=301 err=99 429=0 | earn ok=159 err=241 429=0
[bucket] calls=30 elapsed=11.1s -> sleep 75s
[bucket] calls=30 elapsed=10.7s -> sleep 75s
[bucket] calls=30 elapsed=13.2s -> sleep 75s
[progress] 450/1146 recs ok=335 err=115 429=0 | earn ok=184 err=266 429=0
[bucket] calls=30 elapsed=12.3s -> sleep 75s
[bucket] calls=30 elapsed=12.9s -> sleep 75s
[bucket] calls=30 elapsed=12.0s -> sleep 75s
[bucket] calls=30 elapsed=12.0s -> sleep 75s
[progress] 500/1146 recs ok=368 err=132 429=0 | earn ok=197 err=303 429=0
[bucket] calls=30 elapsed=11.2s -> sleep 75s
[bucket] calls=30 elapsed=10.9s -> sleep 75s
[bucket] calls=30 elapsed=13.5s -> sleep 75s
[progress] 550/1146 recs ok=406 err=144 429=0 | earn ok=218 err=332 429=0
[bucket] calls=30 elapsed=13.1s -> sleep 75s
[bucket] calls=30 elapsed=12.8s -> sleep 75s
[bucket] calls=30 elapsed=12.1s -> sleep 75s
[progress] 600/1146 recs ok=446 err=154 429=0 | earn ok=240 err=360 429=0
[bucket] calls=30 elapsed=12.9s -> sleep 75s
[bucket] calls=30 elapsed=10.2s -> sleep 75s
[bucket] calls=30 elapsed=10.2s -> sleep 75s
[bucket] calls=30 elapsed=10.8s -> sleep 75s
[progress] 650/1146 recs ok=481 err=169 429=0 | earn ok=260 err=390 429=0
[bucket] calls=30 elapsed=12.4s -> sleep 75s
[bucket] calls=30 elapsed=11.7s -> sleep 75s
[bucket] calls=30 elapsed=11.3s -> sleep 75s
[progress] 700/1146 recs ok=520 err=180 429=0 | earn ok=280 err=420 429=0
[bucket] calls=30 elapsed=14.4s -> sleep 75s
[bucket] calls=30 elapsed=10.4s -> sleep 75s
[bucket] calls=30 elapsed=12.0s -> sleep 75s
[progress] 750/1146 recs ok=556 err=194 429=0 | earn ok=300 err=450 429=0
[bucket] calls=30 elapsed=10.4s -> sleep 75s
[bucket] calls=30 elapsed=13.0s -> sleep 75s
[bucket] calls=30 elapsed=13.3s -> sleep 75s
[bucket] calls=30 elapsed=10.4s -> sleep 75s
[progress] 800/1146 recs ok=595 err=205 429=0 | earn ok=322 err=478 429=0
[bucket] calls=30 elapsed=13.0s -> sleep 75s
[bucket] calls=30 elapsed=11.9s -> sleep 75s
[bucket] calls=30 elapsed=10.8s -> sleep 75s
[progress] 850/1146 recs ok=629 err=221 429=0 | earn ok=341 err=509 429=0
[bucket] calls=30 elapsed=12.2s -> sleep 75s
[bucket] calls=30 elapsed=12.4s -> sleep 75s
[bucket] calls=30 elapsed=12.8s -> sleep 75s
[progress] 900/1146 recs ok=666 err=234 429=0 | earn ok=363 err=537 429=0
[bucket] calls=30 elapsed=12.5s -> sleep 75s
[bucket] calls=30 elapsed=12.1s -> sleep 75s
[bucket] calls=30 elapsed=12.8s -> sleep 75s
[bucket] calls=30 elapsed=11.8s -> sleep 75s
[progress] 950/1146 recs ok=701 err=249 429=0 | earn ok=379 err=571 429=0
[bucket] calls=30 elapsed=13.2s -> sleep 75s
[bucket] calls=30 elapsed=12.3s -> sleep 75s
[bucket] calls=30 elapsed=11.4s -> sleep 75s
[progress] 1000/1146 recs ok=736 err=264 429=0 | earn ok=397 err=603 429=0
[bucket] calls=30 elapsed=11.1s -> sleep 75s
[bucket] calls=30 elapsed=13.2s -> sleep 75s
[bucket] calls=30 elapsed=11.5s -> sleep 75s
[progress] 1050/1146 recs ok=771 err=279 429=0 | earn ok=416 err=634 429=0
[bucket] calls=30 elapsed=9.2s -> sleep 75s
[bucket] calls=30 elapsed=10.9s -> sleep 75s
[bucket] calls=30 elapsed=10.5s -> sleep 75s
[bucket] calls=30 elapsed=12.3s -> sleep 75s
[progress] 1100/1146 recs ok=806 err=294 429=0 | earn ok=440 err=660 429=0
[bucket] calls=30 elapsed=11.3s -> sleep 75s
[bucket] calls=30 elapsed=12.4s -> sleep 75s
[bucket] calls=30 elapsed=10.8s -> sleep 75s
Nightly cache done.
Recs: ok=836 err=310 429=0
Earnings: ok=453 err=693 429=0
Finnhub cached under: /home/runner/work/data_cache/data_cache/data_cache/finnhub_recs/2026-08-29/ and /latest/
Earnings cached under: /home/runner/work/data_cache/data_cache/data_cache/earnings/2026-08-29/ and /latest/
Macro cached under: /home/runner/work/data_cache/data_cache/data_cache/macro_calendar/macro_calendar.csv
Log saved: /home/runner/work/data_cache/data_cache/logs/nightly_cache_2026-08-29T145928Z.log
