Nightly cache start: 2026-08-28T210940Z
REPO_ROOT: /home/runner/work/data_cache/data_cache
DATA_CACHE_DIR: /home/runner/work/data_cache/data_cache/data_cache
Symbols sources: ['sp500_constituents.csv', 'nasdaq100_with_baseline.csv', 'custom_universe_with_sector_baselines.csv', 'russell1000_universe.csv']
FINNHUB key present: True len=40
Rate limit config: MAX_CALLS_PER_MIN=30 SLEEP_ON_MINUTE=75s
YFinance available: True
Macro calendar saved: /home/runner/work/data_cache/data_cache/data_cache/macro_calendar/macro_calendar.csv rows=57 years=[2026, 2027]
Total symbols to cache: 1146
[bucket] calls=30 elapsed=14.5s -> sleep 75s
[bucket] calls=30 elapsed=11.8s -> sleep 75s
[bucket] calls=30 elapsed=14.1s -> sleep 75s
[progress] 50/1146 recs ok=42 err=8 429=0 | earn ok=11 err=39 429=0
[bucket] calls=30 elapsed=12.6s -> sleep 75s
[bucket] calls=30 elapsed=12.1s -> sleep 75s
[bucket] calls=30 elapsed=14.6s -> sleep 75s
[progress] 100/1146 recs ok=77 err=23 429=0 | earn ok=22 err=78 429=0
[bucket] calls=30 elapsed=12.2s -> sleep 75s
[bucket] calls=30 elapsed=13.7s -> sleep 75s
[bucket] calls=30 elapsed=14.6s -> sleep 75s
[progress] 150/1146 recs ok=115 err=35 429=0 | earn ok=44 err=106 429=0
[bucket] calls=30 elapsed=14.0s -> sleep 75s
[bucket] calls=30 elapsed=14.3s -> sleep 75s
[bucket] calls=30 elapsed=13.8s -> sleep 75s
[bucket] calls=30 elapsed=13.3s -> sleep 75s
[progress] 200/1146 recs ok=153 err=47 429=0 | earn ok=61 err=139 429=0
[bucket] calls=30 elapsed=14.4s -> sleep 75s
[bucket] calls=30 elapsed=14.6s -> sleep 75s
[bucket] calls=30 elapsed=11.7s -> sleep 75s
[progress] 250/1146 recs ok=190 err=60 429=0 | earn ok=77 err=173 429=0
[bucket] calls=30 elapsed=12.4s -> sleep 75s
[bucket] calls=30 elapsed=13.6s -> sleep 75s
[bucket] calls=30 elapsed=12.9s -> sleep 75s
[progress] 300/1146 recs ok=227 err=73 429=0 | earn ok=92 err=208 429=0
[bucket] calls=30 elapsed=12.2s -> sleep 75s
[bucket] calls=30 elapsed=12.8s -> sleep 75s
[bucket] calls=30 elapsed=14.8s -> sleep 75s
[bucket] calls=30 elapsed=13.7s -> sleep 75s
[progress] 350/1146 recs ok=263 err=87 429=0 | earn ok=108 err=242 429=0
[bucket] calls=30 elapsed=11.6s -> sleep 75s
[bucket] calls=30 elapsed=13.7s -> sleep 75s
[bucket] calls=30 elapsed=15.8s -> sleep 75s
[progress] 400/1146 recs ok=301 err=99 429=0 | earn ok=129 err=271 429=0
[bucket] calls=30 elapsed=16.4s -> sleep 75s
[bucket] calls=30 elapsed=14.2s -> sleep 75s
[bucket] calls=30 elapsed=14.8s -> sleep 75s
[progress] 450/1146 recs ok=335 err=115 429=0 | earn ok=148 err=302 429=0
[bucket] calls=30 elapsed=15.0s -> sleep 75s
[bucket] calls=30 elapsed=16.0s -> sleep 75s
[bucket] calls=30 elapsed=14.0s -> sleep 75s
[bucket] calls=30 elapsed=14.4s -> sleep 75s
[progress] 500/1146 recs ok=368 err=132 429=0 | earn ok=160 err=340 429=0
[bucket] calls=30 elapsed=15.2s -> sleep 75s
[bucket] calls=30 elapsed=15.7s -> sleep 75s
[bucket] calls=30 elapsed=14.0s -> sleep 75s
[progress] 550/1146 recs ok=406 err=144 429=0 | earn ok=174 err=376 429=0
[bucket] calls=30 elapsed=16.0s -> sleep 75s
[bucket] calls=30 elapsed=15.2s -> sleep 75s
[bucket] calls=30 elapsed=14.2s -> sleep 75s
[progress] 600/1146 recs ok=446 err=154 429=0 | earn ok=190 err=410 429=0
[bucket] calls=30 elapsed=15.9s -> sleep 75s
[bucket] calls=30 elapsed=16.0s -> sleep 75s
[bucket] calls=30 elapsed=15.8s -> sleep 75s
[bucket] calls=30 elapsed=14.4s -> sleep 75s
[progress] 650/1146 recs ok=481 err=169 429=0 | earn ok=205 err=445 429=0
[bucket] calls=30 elapsed=26.2s -> sleep 75s
[bucket] calls=30 elapsed=14.9s -> sleep 75s
[bucket] calls=30 elapsed=14.8s -> sleep 75s
[progress] 700/1146 recs ok=520 err=180 429=0 | earn ok=223 err=477 429=0
[bucket] calls=30 elapsed=16.4s -> sleep 75s
[bucket] calls=30 elapsed=14.7s -> sleep 75s
[bucket] calls=30 elapsed=14.8s -> sleep 75s
[progress] 750/1146 recs ok=556 err=194 429=0 | earn ok=241 err=509 429=0
[bucket] calls=30 elapsed=13.4s -> sleep 75s
[bucket] calls=30 elapsed=17.0s -> sleep 75s
[bucket] calls=30 elapsed=15.0s -> sleep 75s
[bucket] calls=30 elapsed=15.5s -> sleep 75s
[progress] 800/1146 recs ok=595 err=205 429=0 | earn ok=263 err=537 429=0
[bucket] calls=30 elapsed=13.8s -> sleep 75s
[bucket] calls=30 elapsed=15.7s -> sleep 75s
[bucket] calls=30 elapsed=14.9s -> sleep 75s
[progress] 850/1146 recs ok=629 err=221 429=0 | earn ok=280 err=570 429=0
[bucket] calls=30 elapsed=14.9s -> sleep 75s
[bucket] calls=30 elapsed=15.1s -> sleep 75s
[bucket] calls=30 elapsed=15.4s -> sleep 75s
[progress] 900/1146 recs ok=666 err=234 429=0 | earn ok=297 err=603 429=0
[bucket] calls=30 elapsed=16.0s -> sleep 75s
[bucket] calls=30 elapsed=16.3s -> sleep 75s
[bucket] calls=30 elapsed=15.4s -> sleep 75s
[bucket] calls=30 elapsed=13.6s -> sleep 75s
[progress] 950/1146 recs ok=701 err=249 429=0 | earn ok=310 err=640 429=0
[bucket] calls=30 elapsed=13.3s -> sleep 75s
[bucket] calls=30 elapsed=14.6s -> sleep 75s
[bucket] calls=30 elapsed=15.8s -> sleep 75s
[progress] 1000/1146 recs ok=736 err=264 429=0 | earn ok=325 err=675 429=0
[bucket] calls=30 elapsed=16.6s -> sleep 75s
[bucket] calls=30 elapsed=15.9s -> sleep 75s
[bucket] calls=30 elapsed=14.4s -> sleep 75s
[progress] 1050/1146 recs ok=771 err=279 429=0 | earn ok=343 err=707 429=0
[bucket] calls=30 elapsed=13.8s -> sleep 75s
[bucket] calls=30 elapsed=15.2s -> sleep 75s
[bucket] calls=30 elapsed=14.0s -> sleep 75s
[bucket] calls=30 elapsed=14.1s -> sleep 75s
[progress] 1100/1146 recs ok=806 err=294 429=0 | earn ok=362 err=738 429=0
[bucket] calls=30 elapsed=13.8s -> sleep 75s
[bucket] calls=30 elapsed=14.6s -> sleep 75s
[bucket] calls=30 elapsed=14.3s -> sleep 75s
Nightly cache done.
Recs: ok=836 err=310 429=0
Earnings: ok=370 err=776 429=0
Finnhub cached under: /home/runner/work/data_cache/data_cache/data_cache/finnhub_recs/2026-08-28/ and /latest/
Earnings cached under: /home/runner/work/data_cache/data_cache/data_cache/earnings/2026-08-28/ and /latest/
Macro cached under: /home/runner/work/data_cache/data_cache/data_cache/macro_calendar/macro_calendar.csv
Log saved: /home/runner/work/data_cache/data_cache/logs/nightly_cache_2026-08-28T210940Z.log
