Nightly cache start: 2026-09-04T140914Z
REPO_ROOT: /home/runner/work/data_cache/data_cache
DATA_CACHE_DIR: /home/runner/work/data_cache/data_cache/data_cache
Symbols sources: ['sp500_constituents.csv', 'nasdaq100_with_baseline.csv', 'custom_universe_with_sector_baselines.csv', 'russell1000_universe.csv']
FINNHUB key present: True len=40
Rate limit config: MAX_CALLS_PER_MIN=30 SLEEP_ON_MINUTE=75s
YFinance available: True
Macro calendar saved: /home/runner/work/data_cache/data_cache/data_cache/macro_calendar/macro_calendar.csv rows=57 years=[2026, 2027]
Total symbols to cache: 1146
[bucket] calls=30 elapsed=12.1s -> sleep 75s
[bucket] calls=30 elapsed=11.7s -> sleep 75s
[bucket] calls=30 elapsed=11.1s -> sleep 75s
[progress] 50/1146 recs ok=42 err=8 429=0 | earn ok=26 err=24 429=0
[bucket] calls=30 elapsed=10.8s -> sleep 75s
[bucket] calls=30 elapsed=12.6s -> sleep 75s
[bucket] calls=30 elapsed=11.5s -> sleep 75s
[progress] 100/1146 recs ok=77 err=23 429=0 | earn ok=54 err=46 429=0
[bucket] calls=30 elapsed=12.4s -> sleep 75s
[bucket] calls=30 elapsed=11.7s -> sleep 75s
[bucket] calls=30 elapsed=11.4s -> sleep 75s
[progress] 150/1146 recs ok=115 err=35 429=0 | earn ok=85 err=65 429=0
[bucket] calls=30 elapsed=11.2s -> sleep 75s
[bucket] calls=30 elapsed=11.1s -> sleep 75s
[bucket] calls=30 elapsed=11.4s -> sleep 75s
[bucket] calls=30 elapsed=11.7s -> sleep 75s
[progress] 200/1146 recs ok=153 err=47 429=0 | earn ok=116 err=84 429=0
[bucket] calls=30 elapsed=11.4s -> sleep 75s
[bucket] calls=30 elapsed=10.3s -> sleep 75s
[bucket] calls=30 elapsed=11.4s -> sleep 75s
[progress] 250/1146 recs ok=190 err=60 429=0 | earn ok=144 err=106 429=0
[bucket] calls=30 elapsed=10.9s -> sleep 75s
[bucket] calls=30 elapsed=10.6s -> sleep 75s
[bucket] calls=30 elapsed=10.3s -> sleep 75s
[progress] 300/1146 recs ok=227 err=73 429=0 | earn ok=167 err=133 429=0
[bucket] calls=30 elapsed=10.2s -> sleep 75s
[bucket] calls=30 elapsed=11.2s -> sleep 75s
[bucket] calls=30 elapsed=10.1s -> sleep 75s
[bucket] calls=30 elapsed=10.5s -> sleep 75s
[progress] 350/1146 recs ok=263 err=87 429=0 | earn ok=191 err=159 429=0
[bucket] calls=30 elapsed=10.2s -> sleep 75s
[bucket] calls=30 elapsed=9.6s -> sleep 75s
[bucket] calls=30 elapsed=10.7s -> sleep 75s
[progress] 400/1146 recs ok=301 err=99 429=0 | earn ok=221 err=179 429=0
[bucket] calls=30 elapsed=10.3s -> sleep 75s
[bucket] calls=30 elapsed=11.2s -> sleep 75s
[bucket] calls=30 elapsed=10.3s -> sleep 75s
[progress] 450/1146 recs ok=335 err=115 429=0 | earn ok=250 err=200 429=0
[bucket] calls=30 elapsed=10.4s -> sleep 75s
[bucket] calls=30 elapsed=10.3s -> sleep 75s
[bucket] calls=30 elapsed=10.4s -> sleep 75s
[bucket] calls=30 elapsed=11.3s -> sleep 75s
[progress] 500/1146 recs ok=368 err=132 429=0 | earn ok=267 err=233 429=0
[bucket] calls=30 elapsed=11.0s -> sleep 75s
[bucket] calls=30 elapsed=9.8s -> sleep 75s
[bucket] calls=30 elapsed=9.3s -> sleep 75s
[progress] 550/1146 recs ok=406 err=144 429=0 | earn ok=299 err=251 429=0
[bucket] calls=30 elapsed=11.9s -> sleep 75s
[bucket] calls=30 elapsed=10.1s -> sleep 75s
[bucket] calls=30 elapsed=9.2s -> sleep 75s
[progress] 600/1146 recs ok=446 err=154 429=0 | earn ok=331 err=269 429=0
[bucket] calls=30 elapsed=9.9s -> sleep 75s
[bucket] calls=30 elapsed=10.0s -> sleep 75s
[bucket] calls=30 elapsed=10.7s -> sleep 75s
[bucket] calls=30 elapsed=9.8s -> sleep 75s
[progress] 650/1146 recs ok=481 err=169 429=0 | earn ok=359 err=291 429=0
[bucket] calls=30 elapsed=10.4s -> sleep 75s
[bucket] calls=30 elapsed=10.0s -> sleep 75s
[bucket] calls=30 elapsed=10.5s -> sleep 75s
[progress] 700/1146 recs ok=520 err=180 429=0 | earn ok=387 err=313 429=0
[bucket] calls=30 elapsed=11.6s -> sleep 75s
[bucket] calls=30 elapsed=10.7s -> sleep 75s
[bucket] calls=30 elapsed=10.4s -> sleep 75s
[progress] 750/1146 recs ok=556 err=194 429=0 | earn ok=412 err=338 429=0
[bucket] calls=30 elapsed=9.9s -> sleep 75s
[bucket] calls=30 elapsed=10.3s -> sleep 75s
[bucket] calls=30 elapsed=9.8s -> sleep 75s
[bucket] calls=30 elapsed=13.5s -> sleep 75s
[progress] 800/1146 recs ok=595 err=205 429=0 | earn ok=443 err=357 429=0
[bucket] calls=30 elapsed=10.2s -> sleep 75s
[bucket] calls=30 elapsed=9.8s -> sleep 75s
[bucket] calls=30 elapsed=9.8s -> sleep 75s
[progress] 850/1146 recs ok=629 err=221 429=0 | earn ok=468 err=382 429=0
[bucket] calls=30 elapsed=10.0s -> sleep 75s
[bucket] calls=30 elapsed=10.3s -> sleep 75s
[bucket] calls=30 elapsed=10.3s -> sleep 75s
[progress] 900/1146 recs ok=666 err=234 429=0 | earn ok=495 err=405 429=0
[bucket] calls=30 elapsed=10.6s -> sleep 75s
[bucket] calls=30 elapsed=12.2s -> sleep 75s
[bucket] calls=30 elapsed=10.6s -> sleep 75s
[bucket] calls=30 elapsed=10.3s -> sleep 75s
[progress] 950/1146 recs ok=701 err=249 429=0 | earn ok=520 err=430 429=0
[bucket] calls=30 elapsed=9.7s -> sleep 75s
[bucket] calls=30 elapsed=10.5s -> sleep 75s
[bucket] calls=30 elapsed=11.5s -> sleep 75s
[progress] 1000/1146 recs ok=736 err=264 429=0 | earn ok=543 err=457 429=0
[bucket] calls=30 elapsed=10.6s -> sleep 75s
[bucket] calls=30 elapsed=12.3s -> sleep 75s
[bucket] calls=30 elapsed=10.8s -> sleep 75s
[progress] 1050/1146 recs ok=771 err=279 429=0 | earn ok=568 err=482 429=0
[bucket] calls=30 elapsed=11.2s -> sleep 75s
[bucket] calls=30 elapsed=10.2s -> sleep 75s
[bucket] calls=30 elapsed=10.3s -> sleep 75s
[bucket] calls=30 elapsed=10.6s -> sleep 75s
[progress] 1100/1146 recs ok=806 err=294 429=0 | earn ok=596 err=504 429=0
[bucket] calls=30 elapsed=10.4s -> sleep 75s
[bucket] calls=30 elapsed=11.3s -> sleep 75s
[bucket] calls=30 elapsed=10.3s -> sleep 75s
Nightly cache done.
Recs: ok=836 err=310 429=0
Earnings: ok=613 err=533 429=0
Finnhub cached under: /home/runner/work/data_cache/data_cache/data_cache/finnhub_recs/2026-09-04/ and /latest/
Earnings cached under: /home/runner/work/data_cache/data_cache/data_cache/earnings/2026-09-04/ and /latest/
Macro cached under: /home/runner/work/data_cache/data_cache/data_cache/macro_calendar/macro_calendar.csv
Log saved: /home/runner/work/data_cache/data_cache/logs/nightly_cache_2026-09-04T140914Z.log
