Nightly cache start: 2026-08-26T104106Z
REPO_ROOT: /home/runner/work/data_cache/data_cache
DATA_CACHE_DIR: /home/runner/work/data_cache/data_cache/data_cache
Symbols sources: ['sp500_constituents.csv', 'nasdaq100_with_baseline.csv', 'custom_universe_with_sector_baselines.csv', 'russell1000_universe.csv']
FINNHUB key present: True len=40
Rate limit config: MAX_CALLS_PER_MIN=30 SLEEP_ON_MINUTE=75s
YFinance available: True
Macro calendar saved: /home/runner/work/data_cache/data_cache/data_cache/macro_calendar/macro_calendar.csv rows=57 years=[2026, 2027]
Total symbols to cache: 1146
[bucket] calls=30 elapsed=11.7s -> sleep 75s
[bucket] calls=30 elapsed=10.9s -> sleep 75s
[bucket] calls=30 elapsed=11.9s -> sleep 75s
[progress] 50/1146 recs ok=42 err=8 429=0 | earn ok=9 err=41 429=0
[bucket] calls=30 elapsed=12.9s -> sleep 75s
[bucket] calls=30 elapsed=13.1s -> sleep 75s
[bucket] calls=30 elapsed=12.1s -> sleep 75s
[progress] 100/1146 recs ok=77 err=23 429=0 | earn ok=13 err=87 429=0
[bucket] calls=30 elapsed=11.1s -> sleep 75s
[bucket] calls=30 elapsed=11.6s -> sleep 75s
[bucket] calls=30 elapsed=9.8s -> sleep 75s
[progress] 150/1146 recs ok=115 err=35 429=0 | earn ok=26 err=124 429=0
[bucket] calls=30 elapsed=10.8s -> sleep 75s
[bucket] calls=30 elapsed=11.7s -> sleep 75s
[bucket] calls=30 elapsed=11.7s -> sleep 75s
[bucket] calls=30 elapsed=11.7s -> sleep 75s
[progress] 200/1146 recs ok=153 err=47 429=0 | earn ok=37 err=163 429=0
[bucket] calls=30 elapsed=14.7s -> sleep 75s
[bucket] calls=30 elapsed=11.4s -> sleep 75s
[bucket] calls=30 elapsed=11.6s -> sleep 75s
[progress] 250/1146 recs ok=190 err=60 429=0 | earn ok=47 err=203 429=0
[bucket] calls=30 elapsed=11.0s -> sleep 75s
[bucket] calls=30 elapsed=11.3s -> sleep 75s
[bucket] calls=30 elapsed=10.6s -> sleep 75s
[progress] 300/1146 recs ok=227 err=73 429=0 | earn ok=59 err=241 429=0
[bucket] calls=30 elapsed=11.2s -> sleep 75s
[bucket] calls=30 elapsed=11.7s -> sleep 75s
[bucket] calls=30 elapsed=20.4s -> sleep 75s
[bucket] calls=30 elapsed=11.4s -> sleep 75s
[progress] 350/1146 recs ok=263 err=87 429=0 | earn ok=70 err=280 429=0
[bucket] calls=30 elapsed=12.5s -> sleep 75s
[bucket] calls=30 elapsed=15.2s -> sleep 75s
[bucket] calls=30 elapsed=9.5s -> sleep 75s
[progress] 400/1146 recs ok=301 err=99 429=0 | earn ok=81 err=319 429=0
[bucket] calls=30 elapsed=11.5s -> sleep 75s
[bucket] calls=30 elapsed=11.6s -> sleep 75s
[bucket] calls=30 elapsed=10.8s -> sleep 75s
[progress] 450/1146 recs ok=335 err=115 429=0 | earn ok=92 err=358 429=0
[bucket] calls=30 elapsed=10.7s -> sleep 75s
[bucket] calls=30 elapsed=12.1s -> sleep 75s
[bucket] calls=30 elapsed=13.1s -> sleep 75s
[bucket] calls=30 elapsed=12.1s -> sleep 75s
[progress] 500/1146 recs ok=368 err=132 429=0 | earn ok=103 err=397 429=0
[bucket] calls=30 elapsed=11.7s -> sleep 75s
[bucket] calls=30 elapsed=12.0s -> sleep 75s
[bucket] calls=30 elapsed=12.1s -> sleep 75s
[progress] 550/1146 recs ok=406 err=144 429=0 | earn ok=111 err=439 429=0
[bucket] calls=30 elapsed=10.4s -> sleep 75s
[bucket] calls=30 elapsed=11.3s -> sleep 75s
[bucket] calls=30 elapsed=10.8s -> sleep 75s
[progress] 600/1146 recs ok=446 err=154 429=0 | earn ok=119 err=481 429=0
[bucket] calls=30 elapsed=11.7s -> sleep 75s
[bucket] calls=30 elapsed=12.0s -> sleep 75s
[bucket] calls=30 elapsed=12.0s -> sleep 75s
[bucket] calls=30 elapsed=12.7s -> sleep 75s
[progress] 650/1146 recs ok=481 err=169 429=0 | earn ok=130 err=520 429=0
[bucket] calls=30 elapsed=10.4s -> sleep 75s
[bucket] calls=30 elapsed=11.9s -> sleep 75s
[bucket] calls=30 elapsed=12.5s -> sleep 75s
[progress] 700/1146 recs ok=520 err=180 429=0 | earn ok=143 err=557 429=0
[bucket] calls=30 elapsed=11.4s -> sleep 75s
[bucket] calls=30 elapsed=10.3s -> sleep 75s
[bucket] calls=30 elapsed=12.4s -> sleep 75s
[progress] 750/1146 recs ok=556 err=194 429=0 | earn ok=155 err=595 429=0
[bucket] calls=30 elapsed=11.5s -> sleep 75s
[bucket] calls=30 elapsed=11.0s -> sleep 75s
[bucket] calls=30 elapsed=11.7s -> sleep 75s
[bucket] calls=30 elapsed=10.8s -> sleep 75s
[progress] 800/1146 recs ok=595 err=205 429=0 | earn ok=169 err=631 429=0
[bucket] calls=30 elapsed=10.3s -> sleep 75s
[bucket] calls=30 elapsed=11.9s -> sleep 75s
[bucket] calls=30 elapsed=12.2s -> sleep 75s
[progress] 850/1146 recs ok=629 err=221 429=0 | earn ok=177 err=673 429=0
[bucket] calls=30 elapsed=12.3s -> sleep 75s
[bucket] calls=30 elapsed=10.1s -> sleep 75s
[bucket] calls=30 elapsed=13.9s -> sleep 75s
[progress] 900/1146 recs ok=666 err=234 429=0 | earn ok=187 err=713 429=0
[bucket] calls=30 elapsed=12.1s -> sleep 75s
[bucket] calls=30 elapsed=12.1s -> sleep 75s
[bucket] calls=30 elapsed=13.2s -> sleep 75s
[bucket] calls=30 elapsed=11.6s -> sleep 75s
[progress] 950/1146 recs ok=701 err=249 429=0 | earn ok=198 err=752 429=0
[bucket] calls=30 elapsed=10.2s -> sleep 75s
[bucket] calls=30 elapsed=11.4s -> sleep 75s
[bucket] calls=30 elapsed=13.2s -> sleep 75s
[progress] 1000/1146 recs ok=736 err=264 429=0 | earn ok=205 err=795 429=0
[bucket] calls=30 elapsed=12.4s -> sleep 75s
[bucket] calls=30 elapsed=10.2s -> sleep 75s
[bucket] calls=30 elapsed=12.4s -> sleep 75s
[progress] 1050/1146 recs ok=771 err=279 429=0 | earn ok=218 err=832 429=0
[bucket] calls=30 elapsed=13.0s -> sleep 75s
[bucket] calls=30 elapsed=11.7s -> sleep 75s
[bucket] calls=30 elapsed=9.3s -> sleep 75s
[bucket] calls=30 elapsed=10.8s -> sleep 75s
[progress] 1100/1146 recs ok=806 err=294 429=0 | earn ok=230 err=870 429=0
[bucket] calls=30 elapsed=11.9s -> sleep 75s
[bucket] calls=30 elapsed=11.9s -> sleep 75s
[bucket] calls=30 elapsed=11.3s -> sleep 75s
Nightly cache done.
Recs: ok=836 err=310 429=0
Earnings: ok=236 err=910 429=0
Finnhub cached under: /home/runner/work/data_cache/data_cache/data_cache/finnhub_recs/2026-08-26/ and /latest/
Earnings cached under: /home/runner/work/data_cache/data_cache/data_cache/earnings/2026-08-26/ and /latest/
Macro cached under: /home/runner/work/data_cache/data_cache/data_cache/macro_calendar/macro_calendar.csv
Log saved: /home/runner/work/data_cache/data_cache/logs/nightly_cache_2026-08-26T104106Z.log
