Nightly cache start: 2026-09-25T150703Z
REPO_ROOT: /home/runner/work/data_cache/data_cache
DATA_CACHE_DIR: /home/runner/work/data_cache/data_cache/data_cache
Symbols sources: ['sp500_constituents.csv', 'nasdaq100_with_baseline.csv', 'custom_universe_with_sector_baselines.csv', 'russell1000_universe.csv']
FINNHUB key present: True len=40
Rate limit config: MAX_CALLS_PER_MIN=30 SLEEP_ON_MINUTE=75s
YFinance available: True
Macro calendar saved: /home/runner/work/data_cache/data_cache/data_cache/macro_calendar/macro_calendar.csv rows=57 years=[2026, 2027]
Total symbols to cache: 1146
[bucket] calls=30 elapsed=11.2s -> sleep 75s
[bucket] calls=30 elapsed=10.9s -> sleep 75s
[bucket] calls=30 elapsed=10.6s -> sleep 75s
[progress] 50/1146 recs ok=42 err=8 429=0 | earn ok=35 err=15 429=0
[bucket] calls=30 elapsed=9.7s -> sleep 75s
[bucket] calls=30 elapsed=10.8s -> sleep 75s
[bucket] calls=30 elapsed=11.4s -> sleep 75s
[progress] 100/1146 recs ok=77 err=23 429=0 | earn ok=66 err=34 429=0
[bucket] calls=30 elapsed=11.1s -> sleep 75s
[bucket] calls=30 elapsed=10.0s -> sleep 75s
[bucket] calls=30 elapsed=10.5s -> sleep 75s
[progress] 150/1146 recs ok=115 err=35 429=0 | earn ok=100 err=50 429=0
[bucket] calls=30 elapsed=12.1s -> sleep 75s
[bucket] calls=30 elapsed=10.9s -> sleep 75s
[bucket] calls=30 elapsed=11.0s -> sleep 75s
[bucket] calls=30 elapsed=10.8s -> sleep 75s
[progress] 200/1146 recs ok=153 err=47 429=0 | earn ok=136 err=64 429=0
[bucket] calls=30 elapsed=10.2s -> sleep 75s
[bucket] calls=30 elapsed=10.5s -> sleep 75s
[bucket] calls=30 elapsed=11.0s -> sleep 75s
[progress] 250/1146 recs ok=190 err=60 429=0 | earn ok=167 err=83 429=0
[bucket] calls=30 elapsed=18.7s -> sleep 75s
[bucket] calls=30 elapsed=11.5s -> sleep 75s
[bucket] calls=30 elapsed=10.9s -> sleep 75s
[progress] 300/1146 recs ok=227 err=73 429=0 | earn ok=194 err=106 429=0
[bucket] calls=30 elapsed=10.5s -> sleep 75s
[bucket] calls=30 elapsed=10.4s -> sleep 75s
[bucket] calls=30 elapsed=10.7s -> sleep 75s
[bucket] calls=30 elapsed=10.0s -> sleep 75s
[progress] 350/1146 recs ok=263 err=87 429=0 | earn ok=224 err=126 429=0
[bucket] calls=30 elapsed=12.7s -> sleep 75s
[bucket] calls=30 elapsed=11.4s -> sleep 75s
[bucket] calls=30 elapsed=11.4s -> sleep 75s
[progress] 400/1146 recs ok=300 err=100 429=0 | earn ok=259 err=141 429=0
[bucket] calls=30 elapsed=10.8s -> sleep 75s
[bucket] calls=30 elapsed=11.3s -> sleep 75s
[bucket] calls=30 elapsed=10.1s -> sleep 75s
[progress] 450/1146 recs ok=334 err=116 429=0 | earn ok=291 err=159 429=0
[bucket] calls=30 elapsed=10.6s -> sleep 75s
[bucket] calls=30 elapsed=10.6s -> sleep 75s
[bucket] calls=30 elapsed=10.8s -> sleep 75s
[bucket] calls=30 elapsed=10.8s -> sleep 75s
[progress] 500/1146 recs ok=367 err=133 429=0 | earn ok=317 err=183 429=0
[bucket] calls=30 elapsed=10.9s -> sleep 75s
[bucket] calls=30 elapsed=10.8s -> sleep 75s
[bucket] calls=30 elapsed=10.0s -> sleep 75s
[progress] 550/1146 recs ok=405 err=145 429=0 | earn ok=353 err=197 429=0
[bucket] calls=30 elapsed=10.3s -> sleep 75s
[bucket] calls=30 elapsed=33.3s -> sleep 75s
[bucket] calls=30 elapsed=12.0s -> sleep 75s
[progress] 600/1146 recs ok=445 err=155 429=0 | earn ok=390 err=210 429=0
[bucket] calls=30 elapsed=11.2s -> sleep 75s
[bucket] calls=30 elapsed=10.4s -> sleep 75s
[bucket] calls=30 elapsed=11.4s -> sleep 75s
[bucket] calls=30 elapsed=10.3s -> sleep 75s
[progress] 650/1146 recs ok=480 err=170 429=0 | earn ok=421 err=229 429=0
[bucket] calls=30 elapsed=11.1s -> sleep 75s
[bucket] calls=30 elapsed=10.6s -> sleep 75s
[bucket] calls=30 elapsed=11.7s -> sleep 75s
[progress] 700/1146 recs ok=519 err=181 429=0 | earn ok=456 err=244 429=0
[bucket] calls=30 elapsed=10.4s -> sleep 75s
[bucket] calls=30 elapsed=10.9s -> sleep 75s
[bucket] calls=30 elapsed=11.9s -> sleep 75s
[progress] 750/1146 recs ok=555 err=195 429=0 | earn ok=488 err=262 429=0
[bucket] calls=30 elapsed=10.0s -> sleep 75s
[bucket] calls=30 elapsed=10.2s -> sleep 75s
[bucket] calls=30 elapsed=11.0s -> sleep 75s
[bucket] calls=30 elapsed=10.8s -> sleep 75s
[progress] 800/1146 recs ok=594 err=206 429=0 | earn ok=523 err=277 429=0
[bucket] calls=30 elapsed=9.9s -> sleep 75s
[bucket] calls=30 elapsed=10.7s -> sleep 75s
[bucket] calls=30 elapsed=11.2s -> sleep 75s
[progress] 850/1146 recs ok=628 err=222 429=0 | earn ok=552 err=298 429=0
[bucket] calls=30 elapsed=10.1s -> sleep 75s
[bucket] calls=30 elapsed=10.3s -> sleep 75s
[bucket] calls=30 elapsed=13.5s -> sleep 75s
[progress] 900/1146 recs ok=665 err=235 429=0 | earn ok=584 err=316 429=0
[bucket] calls=30 elapsed=10.8s -> sleep 75s
[bucket] calls=30 elapsed=10.8s -> sleep 75s
[bucket] calls=30 elapsed=10.7s -> sleep 75s
[bucket] calls=30 elapsed=10.9s -> sleep 75s
[progress] 950/1146 recs ok=700 err=250 429=0 | earn ok=613 err=337 429=0
[bucket] calls=30 elapsed=11.1s -> sleep 75s
[bucket] calls=30 elapsed=10.0s -> sleep 75s
[bucket] calls=30 elapsed=10.8s -> sleep 75s
[progress] 1000/1146 recs ok=735 err=265 429=0 | earn ok=643 err=357 429=0
[bucket] calls=30 elapsed=10.3s -> sleep 75s
[bucket] calls=30 elapsed=10.4s -> sleep 75s
[bucket] calls=30 elapsed=10.5s -> sleep 75s
[progress] 1050/1146 recs ok=770 err=280 429=0 | earn ok=676 err=374 429=0
[bucket] calls=30 elapsed=11.4s -> sleep 75s
[bucket] calls=30 elapsed=10.9s -> sleep 75s
[bucket] calls=30 elapsed=11.0s -> sleep 75s
[bucket] calls=30 elapsed=10.8s -> sleep 75s
[progress] 1100/1146 recs ok=805 err=295 429=0 | earn ok=709 err=391 429=0
[bucket] calls=30 elapsed=10.9s -> sleep 75s
[bucket] calls=30 elapsed=10.4s -> sleep 75s
[bucket] calls=30 elapsed=10.4s -> sleep 75s
Nightly cache done.
Recs: ok=835 err=311 429=0
Earnings: ok=734 err=412 429=0
Finnhub cached under: /home/runner/work/data_cache/data_cache/data_cache/finnhub_recs/2026-09-25/ and /latest/
Earnings cached under: /home/runner/work/data_cache/data_cache/data_cache/earnings/2026-09-25/ and /latest/
Macro cached under: /home/runner/work/data_cache/data_cache/data_cache/macro_calendar/macro_calendar.csv
Log saved: /home/runner/work/data_cache/data_cache/logs/nightly_cache_2026-09-25T150703Z.log
